This is XeTeX, Version 3.141592653-2.6-0.999998 (TeX Live 2026) (preloaded format=xelatex 2026.8.25)  25 AUG 2026 19:41
entering extended mode
 restricted \write18 enabled.
 %&-line parsing enabled.
**apostila.tex
(./apostila.tex
LaTeX2e <2026-06-01>
L3 programming layer <2026-08-10>
(/home/max/.TinyTeX/texmf-dist/tex/latex/base/report.cls
Document Class: report 2025/01/22 v1.4n Standard LaTeX document class
(/home/max/.TinyTeX/texmf-dist/tex/latex/base/size10.clo
File: size10.clo 2025/01/22 v1.4n Standard LaTeX file (size option)
)
\c@part=\count273
\c@chapter=\count274
\c@section=\count275
\c@subsection=\count276
\c@subsubsection=\count277
\c@paragraph=\count278
\c@subparagraph=\count279
\c@figure=\count280
\c@table=\count281
\abovecaptionskip=\skip49
\belowcaptionskip=\skip50
\bibindent=\dimen150
) (/home/max/.TinyTeX/texmf-dist/tex/latex/xcolor/xcolor.sty
Package: xcolor 2024/09/29 v3.02 LaTeX color extensions (UK)
(/home/max/.TinyTeX/texmf-dist/tex/latex/graphics-cfg/color.cfg
File: color.cfg 2016/01/02 v1.6 sample color configuration
)
Package xcolor Info: Driver file: xetex.def on input line 274.
(/home/max/.TinyTeX/texmf-dist/tex/latex/graphics-def/xetex.def
File: xetex.def 2025/11/01 v5.0p Graphics/color driver for xetex
) (/home/max/.TinyTeX/texmf-dist/tex/latex/graphics/mathcolor.ltx)
Package xcolor Info: Model `cmy' substituted by `cmy0' on input line 1349.
Package xcolor Info: Model `RGB' extended on input line 1365.
Package xcolor Info: Model `HTML' substituted by `rgb' on input line 1367.
Package xcolor Info: Model `Hsb' substituted by `hsb' on input line 1368.
Package xcolor Info: Model `tHsb' substituted by `hsb' on input line 1369.
Package xcolor Info: Model `HSB' substituted by `hsb' on input line 1370.
Package xcolor Info: Model `Gray' substituted by `gray' on input line 1371.
Package xcolor Info: Model `wave' substituted by `hsb' on input line 1372.
) (/home/max/.TinyTeX/texmf-dist/tex/latex/graphics/dvipsnam.def
File: dvipsnam.def 2026-05-17 v3.0m Driver-dependent file (DPC,SPQR)
) (/home/max/.TinyTeX/texmf-dist/tex/latex/xcolor/svgnam.def
File: svgnam.def 2024/09/29 v3.02 Predefined colors according to SVG 1.1 (UK)
) (/home/max/.TinyTeX/texmf-dist/tex/latex/xcolor/x11nam.def
File: x11nam.def 2024/09/29 v3.02 Predefined colors according to Unix/X11 (UK)
) (/home/max/.TinyTeX/texmf-dist/tex/latex/geometry/geometry.sty
Package: geometry 2026/03/07 v6.0 Page Geometry
(/home/max/.TinyTeX/texmf-dist/tex/latex/graphics/keyval.sty
Package: keyval 2026-05-17 v1.15 key=value parser (DPC)
\KV@toks@=\toks17
) (/home/max/.TinyTeX/texmf-dist/tex/generic/iftex/ifvtex.sty
Package: ifvtex 2019/10/25 v1.7 ifvtex legacy package. Use iftex instead.
(/home/max/.TinyTeX/texmf-dist/tex/generic/iftex/iftex.sty
Package: iftex 2024/12/12 v1.0g TeX engine tests
))
\Gm@cnth=\count282
\Gm@cntv=\count283
\c@Gm@tempcnt=\count284
\Gm@bindingoffset=\dimen151
\Gm@wd@mp=\dimen152
\Gm@odd@mp=\dimen153
\Gm@even@mp=\dimen154
\Gm@layoutwidth=\dimen155
\Gm@layoutheight=\dimen156
\Gm@layouthoffset=\dimen157
\Gm@layoutvoffset=\dimen158
\Gm@dimlist=\toks18
) (/home/max/.TinyTeX/texmf-dist/tex/latex/amsmath/amsmath.sty
Package: amsmath 2026/05/19 v2.18d AMS math features
\@mathmargin=\skip51
For additional information on amsmath, use the `?' option.
(/home/max/.TinyTeX/texmf-dist/tex/latex/amsmath/amstext.sty
Package: amstext 2024/11/17 v2.01 AMS text
(/home/max/.TinyTeX/texmf-dist/tex/latex/amsmath/amsgen.sty
File: amsgen.sty 1999/11/30 v2.0 generic functions
\@emptytoks=\toks19
\ex@=\dimen159
)) (/home/max/.TinyTeX/texmf-dist/tex/latex/amsmath/amsbsy.sty
Package: amsbsy 1999/11/29 v1.2d Bold Symbols
\pmbraise@=\dimen160
) (/home/max/.TinyTeX/texmf-dist/tex/latex/amsmath/amsopn.sty
Package: amsopn 2022/04/08 v2.04 operator names
)
\inf@bad=\count285
LaTeX Info: Redefining \frac on input line 233.
\uproot@=\count286
\leftroot@=\count287
LaTeX Info: Redefining \overline on input line 398.
LaTeX Info: Redefining \colon on input line 409.
\classnum@=\count288
\DOTSCASE@=\count289
LaTeX Info: Redefining \ldots on input line 495.
LaTeX Info: Redefining \dots on input line 498.
LaTeX Info: Redefining \cdots on input line 619.
\Mathstrutbox@=\box53
\strutbox@=\box54
LaTeX Info: Redefining \big on input line 721.
LaTeX Info: Redefining \Big on input line 722.
LaTeX Info: Redefining \bigg on input line 723.
LaTeX Info: Redefining \Bigg on input line 724.
\big@size=\dimen161
LaTeX Font Info:    Redeclaring font encoding OML on input line 742.
LaTeX Font Info:    Redeclaring font encoding OMS on input line 743.
\macc@depth=\count290
LaTeX Info: Redefining \bmod on input line 904.
LaTeX Info: Redefining \pmod on input line 909.
LaTeX Info: Redefining \smash on input line 939.
LaTeX Info: Redefining \relbar on input line 969.
LaTeX Info: Redefining \Relbar on input line 970.
\c@MaxMatrixCols=\count291
\dotsspace@=\muskip17
\c@parentequation=\count292
\dspbrk@lvl=\count293
\tag@help=\toks20
\row@=\count294
\column@=\count295
\maxfields@=\count296
\andhelp@=\toks21
\eqnshift@=\dimen162
\alignsep@=\dimen163
\tagshift@=\dimen164
\tagwidth@=\dimen165
\totwidth@=\dimen166
\lineht@=\dimen167
\@envbody=\toks22
\multlinegap=\skip52
\multlinetaggap=\skip53
\mathdisplay@stack=\toks23
LaTeX Info: Redefining \[ on input line 2965.
LaTeX Info: Redefining \] on input line 2966.
) (/home/max/.TinyTeX/texmf-dist/tex/latex/amsfonts/amssymb.sty
Package: amssymb 2013/01/14 v3.01 AMS font symbols
(/home/max/.TinyTeX/texmf-dist/tex/latex/amsfonts/amsfonts.sty
Package: amsfonts 2013/01/14 v3.01 Basic AMSFonts support
\symAMSa=\mathgroup4
\symAMSb=\mathgroup5
LaTeX Font Info:    Redeclaring math symbol \hbar on input line 98.
LaTeX Font Info:    Overwriting math alphabet `\mathfrak' in version `bold'
(Font)                  U/euf/m/n --> U/euf/b/n on input line 106.
)) (/home/max/.TinyTeX/texmf-dist/tex/latex/unicode-math/unicode-math.sty (/home/max/.TinyTeX/texmf-dist/tex/latex/l3kernel/expl3.sty
Package: expl3 2026-08-10 L3 programming layer (loader) 
(/home/max/.TinyTeX/texmf-dist/tex/latex/l3backend/l3backend-xetex.def
File: l3backend-xetex.def 2026-02-18 L3 backend support: XeTeX
\g__graphics_track_int=\count297
\g__pdfannot_backend_int=\count298
\g__pdfannot_backend_link_int=\count299
))
Package: unicode-math 2023/08/13 v0.8r Unicode maths in XeLaTeX and LuaLaTeX
(/home/max/.TinyTeX/texmf-dist/tex/latex/unicode-math/unicode-math-xetex.sty
Package: unicode-math-xetex 2023/08/13 v0.8r Unicode maths in XeLaTeX and LuaLaTeX
(/home/max/.TinyTeX/texmf-dist/tex/latex/l3packages/xparse/xparse.sty
Package: xparse 2025-10-09 L3 Experimental document command parser
) (/home/max/.TinyTeX/texmf-dist/tex/latex/l3packages/l3keys2e/l3keys2e.sty
Package: l3keys2e 2025-10-09 LaTeX2e option processing using LaTeX3 keys
) (/home/max/.TinyTeX/texmf-dist/tex/latex/fontspec/fontspec.sty
Package: fontspec 2026/08/11 v2.9h Font selection for XeLaTeX and LuaLaTeX
(/home/max/.TinyTeX/texmf-dist/tex/latex/fontspec/fontspec-xetex.sty
Package: fontspec-xetex 2026/08/11 v2.9h Font selection for XeLaTeX and LuaLaTeX
\l__fontspec_script_int=\count300
\l__fontspec_language_int=\count301
\l__fontspec_strnum_int=\count302
\l__fontspec_tmp_int=\count303
\l__fontspec_tmpa_int=\count304
\l__fontspec_tmpb_int=\count305
\l__fontspec_tmpc_int=\count306
\l__fontspec_em_int=\count307
\l__fontspec_emdef_int=\count308
\l__fontspec_strong_int=\count309
\l__fontspec_strongdef_int=\count310
\l__fontspec_tmpa_dim=\dimen168
\l__fontspec_tmpb_dim=\dimen169
\l__fontspec_tmpc_dim=\dimen170
(/home/max/.TinyTeX/texmf-dist/tex/latex/base/fontenc.sty
Package: fontenc 2025/07/18 v2.1d Standard LaTeX package
) (/home/max/.TinyTeX/texmf-dist/tex/latex/fontspec/fontspec.cfg))) (/home/max/.TinyTeX/texmf-dist/tex/latex/base/fix-cm.sty
Package: fix-cm 2020/11/24 v1.1t fixes to LaTeX
(/home/max/.TinyTeX/texmf-dist/tex/latex/base/ts1enc.def
File: ts1enc.def 2001/06/05 v3.0e (jk/car/fm) Standard LaTeX file
LaTeX Font Info:    Redeclaring font encoding TS1 on input line 47.
LaTeX Encoding Info:    Redeclaring text command \capitalcedilla (encoding TS1) on input line 49.
LaTeX Encoding Info:    Redeclaring text command \capitalogonek (encoding TS1) on input line 52.
LaTeX Encoding Info:    Redeclaring text command \capitalgrave (encoding TS1) on input line 55.
LaTeX Encoding Info:    Redeclaring text command \capitalacute (encoding TS1) on input line 56.
LaTeX Encoding Info:    Redeclaring text command \capitalcircumflex (encoding TS1) on input line 57.
LaTeX Encoding Info:    Redeclaring text command \capitaltilde (encoding TS1) on input line 58.
LaTeX Encoding Info:    Redeclaring text command \capitaldieresis (encoding TS1) on input line 59.
LaTeX Encoding Info:    Redeclaring text command \capitalhungarumlaut (encoding TS1) on input line 60.
LaTeX Encoding Info:    Redeclaring text command \capitalring (encoding TS1) on input line 61.
LaTeX Encoding Info:    Redeclaring text command \capitalcaron (encoding TS1) on input line 62.
LaTeX Encoding Info:    Redeclaring text command \capitalbreve (encoding TS1) on input line 63.
LaTeX Encoding Info:    Redeclaring text command \capitalmacron (encoding TS1) on input line 64.
LaTeX Encoding Info:    Redeclaring text command \capitaldotaccent (encoding TS1) on input line 65.
LaTeX Encoding Info:    Redeclaring text command \t (encoding TS1) on input line 66.
LaTeX Encoding Info:    Redeclaring text command \capitaltie (encoding TS1) on input line 67.
LaTeX Encoding Info:    Redeclaring text command \newtie (encoding TS1) on input line 68.
LaTeX Encoding Info:    Redeclaring text command \capitalnewtie (encoding TS1) on input line 69.
LaTeX Encoding Info:    Redeclaring text symbol \textcapitalcompwordmark (encoding TS1) on input line 70.
LaTeX Encoding Info:    Redeclaring text symbol \textascendercompwordmark (encoding TS1) on input line 71.
LaTeX Encoding Info:    Redeclaring text symbol \textquotestraightbase (encoding TS1) on input line 72.
LaTeX Encoding Info:    Redeclaring text symbol \textquotestraightdblbase (encoding TS1) on input line 73.
LaTeX Encoding Info:    Redeclaring text symbol \texttwelveudash (encoding TS1) on input line 74.
LaTeX Encoding Info:    Redeclaring text symbol \textthreequartersemdash (encoding TS1) on input line 75.
LaTeX Encoding Info:    Redeclaring text symbol \textleftarrow (encoding TS1) on input line 76.
LaTeX Encoding Info:    Redeclaring text symbol \textrightarrow (encoding TS1) on input line 77.
LaTeX Encoding Info:    Redeclaring text symbol \textblank (encoding TS1) on input line 78.
LaTeX Encoding Info:    Redeclaring text symbol \textdollar (encoding TS1) on input line 79.
LaTeX Encoding Info:    Redeclaring text symbol \textquotesingle (encoding TS1) on input line 80.
LaTeX Encoding Info:    Redeclaring text command \textasteriskcentered (encoding TS1) on input line 81.
LaTeX Encoding Info:    Redeclaring text symbol \textdblhyphen (encoding TS1) on input line 92.
LaTeX Encoding Info:    Redeclaring text symbol \textfractionsolidus (encoding TS1) on input line 93.
LaTeX Encoding Info:    Redeclaring text symbol \textzerooldstyle (encoding TS1) on input line 94.
LaTeX Encoding Info:    Redeclaring text symbol \textoneoldstyle (encoding TS1) on input line 95.
LaTeX Encoding Info:    Redeclaring text symbol \texttwooldstyle (encoding TS1) on input line 96.
LaTeX Encoding Info:    Redeclaring text symbol \textthreeoldstyle (encoding TS1) on input line 97.
LaTeX Encoding Info:    Redeclaring text symbol \textfouroldstyle (encoding TS1) on input line 98.
LaTeX Encoding Info:    Redeclaring text symbol \textfiveoldstyle (encoding TS1) on input line 99.
LaTeX Encoding Info:    Redeclaring text symbol \textsixoldstyle (encoding TS1) on input line 100.
LaTeX Encoding Info:    Redeclaring text symbol \textsevenoldstyle (encoding TS1) on input line 101.
LaTeX Encoding Info:    Redeclaring text symbol \texteightoldstyle (encoding TS1) on input line 102.
LaTeX Encoding Info:    Redeclaring text symbol \textnineoldstyle (encoding TS1) on input line 103.
LaTeX Encoding Info:    Redeclaring text symbol \textlangle (encoding TS1) on input line 104.
LaTeX Encoding Info:    Redeclaring text symbol \textminus (encoding TS1) on input line 105.
LaTeX Encoding Info:    Redeclaring text symbol \textrangle (encoding TS1) on input line 106.
LaTeX Encoding Info:    Redeclaring text symbol \textmho (encoding TS1) on input line 107.
LaTeX Encoding Info:    Redeclaring text symbol \textbigcircle (encoding TS1) on input line 108.
LaTeX Encoding Info:    Redeclaring text command \textcircled (encoding TS1) on input line 109.
LaTeX Encoding Info:    Redeclaring text symbol \textohm (encoding TS1) on input line 115.
LaTeX Encoding Info:    Redeclaring text symbol \textlbrackdbl (encoding TS1) on input line 116.
LaTeX Encoding Info:    Redeclaring text symbol \textrbrackdbl (encoding TS1) on input line 117.
LaTeX Encoding Info:    Redeclaring text symbol \textuparrow (encoding TS1) on input line 118.
LaTeX Encoding Info:    Redeclaring text symbol \textdownarrow (encoding TS1) on input line 119.
LaTeX Encoding Info:    Redeclaring text symbol \textasciigrave (encoding TS1) on input line 120.
LaTeX Encoding Info:    Redeclaring text symbol \textborn (encoding TS1) on input line 121.
LaTeX Encoding Info:    Redeclaring text symbol \textdivorced (encoding TS1) on input line 122.
LaTeX Encoding Info:    Redeclaring text symbol \textdied (encoding TS1) on input line 123.
LaTeX Encoding Info:    Redeclaring text symbol \textleaf (encoding TS1) on input line 124.
LaTeX Encoding Info:    Redeclaring text symbol \textmarried (encoding TS1) on input line 125.
LaTeX Encoding Info:    Redeclaring text symbol \textmusicalnote (encoding TS1) on input line 126.
LaTeX Encoding Info:    Redeclaring text symbol \texttildelow (encoding TS1) on input line 127.
LaTeX Encoding Info:    Redeclaring text symbol \textdblhyphenchar (encoding TS1) on input line 128.
LaTeX Encoding Info:    Redeclaring text symbol \textasciibreve (encoding TS1) on input line 129.
LaTeX Encoding Info:    Redeclaring text symbol \textasciicaron (encoding TS1) on input line 130.
LaTeX Encoding Info:    Redeclaring text symbol \textacutedbl (encoding TS1) on input line 131.
LaTeX Encoding Info:    Redeclaring text symbol \textgravedbl (encoding TS1) on input line 132.
LaTeX Encoding Info:    Redeclaring text symbol \textdagger (encoding TS1) on input line 133.
LaTeX Encoding Info:    Redeclaring text symbol \textdaggerdbl (encoding TS1) on input line 134.
LaTeX Encoding Info:    Redeclaring text symbol \textbardbl (encoding TS1) on input line 135.
LaTeX Encoding Info:    Redeclaring text symbol \textperthousand (encoding TS1) on input line 136.
LaTeX Encoding Info:    Redeclaring text symbol \textbullet (encoding TS1) on input line 137.
LaTeX Encoding Info:    Redeclaring text symbol \textcelsius (encoding TS1) on input line 138.
LaTeX Encoding Info:    Redeclaring text symbol \textdollaroldstyle (encoding TS1) on input line 139.
LaTeX Encoding Info:    Redeclaring text symbol \textcentoldstyle (encoding TS1) on input line 140.
LaTeX Encoding Info:    Redeclaring text symbol \textflorin (encoding TS1) on input line 141.
LaTeX Encoding Info:    Redeclaring text symbol \textcolonmonetary (encoding TS1) on input line 142.
LaTeX Encoding Info:    Redeclaring text symbol \textwon (encoding TS1) on input line 143.
LaTeX Encoding Info:    Redeclaring text symbol \textnaira (encoding TS1) on input line 144.
LaTeX Encoding Info:    Redeclaring text symbol \textguarani (encoding TS1) on input line 145.
LaTeX Encoding Info:    Redeclaring text symbol \textpeso (encoding TS1) on input line 146.
LaTeX Encoding Info:    Redeclaring text symbol \textlira (encoding TS1) on input line 147.
LaTeX Encoding Info:    Redeclaring text symbol \textrecipe (encoding TS1) on input line 148.
LaTeX Encoding Info:    Redeclaring text symbol \textinterrobang (encoding TS1) on input line 149.
LaTeX Encoding Info:    Redeclaring text symbol \textinterrobangdown (encoding TS1) on input line 150.
LaTeX Encoding Info:    Redeclaring text symbol \textdong (encoding TS1) on input line 151.
LaTeX Encoding Info:    Redeclaring text symbol \texttrademark (encoding TS1) on input line 152.
LaTeX Encoding Info:    Redeclaring text symbol \textpertenthousand (encoding TS1) on input line 153.
LaTeX Encoding Info:    Redeclaring text symbol \textpilcrow (encoding TS1) on input line 154.
LaTeX Encoding Info:    Redeclaring text symbol \textbaht (encoding TS1) on input line 155.
LaTeX Encoding Info:    Redeclaring text symbol \textnumero (encoding TS1) on input line 156.
LaTeX Encoding Info:    Redeclaring text symbol \textdiscount (encoding TS1) on input line 157.
LaTeX Encoding Info:    Redeclaring text symbol \textestimated (encoding TS1) on input line 158.
LaTeX Encoding Info:    Redeclaring text symbol \textopenbullet (encoding TS1) on input line 159.
LaTeX Encoding Info:    Redeclaring text symbol \textservicemark (encoding TS1) on input line 160.
LaTeX Encoding Info:    Redeclaring text symbol \textlquill (encoding TS1) on input line 161.
LaTeX Encoding Info:    Redeclaring text symbol \textrquill (encoding TS1) on input line 162.
LaTeX Encoding Info:    Redeclaring text symbol \textcent (encoding TS1) on input line 163.
LaTeX Encoding Info:    Redeclaring text symbol \textsterling (encoding TS1) on input line 164.
LaTeX Encoding Info:    Redeclaring text symbol \textcurrency (encoding TS1) on input line 165.
LaTeX Encoding Info:    Redeclaring text symbol \textyen (encoding TS1) on input line 166.
LaTeX Encoding Info:    Redeclaring text symbol \textbrokenbar (encoding TS1) on input line 167.
LaTeX Encoding Info:    Redeclaring text symbol \textsection (encoding TS1) on input line 168.
LaTeX Encoding Info:    Redeclaring text symbol \textasciidieresis (encoding TS1) on input line 169.
LaTeX Encoding Info:    Redeclaring text symbol \textcopyright (encoding TS1) on input line 170.
LaTeX Encoding Info:    Redeclaring text symbol \textordfeminine (encoding TS1) on input line 171.
LaTeX Encoding Info:    Redeclaring text symbol \textcopyleft (encoding TS1) on input line 172.
LaTeX Encoding Info:    Redeclaring text symbol \textlnot (encoding TS1) on input line 173.
LaTeX Encoding Info:    Redeclaring text symbol \textcircledP (encoding TS1) on input line 174.
LaTeX Encoding Info:    Redeclaring text symbol \textregistered (encoding TS1) on input line 175.
LaTeX Encoding Info:    Redeclaring text symbol \textasciimacron (encoding TS1) on input line 176.
LaTeX Encoding Info:    Redeclaring text symbol \textdegree (encoding TS1) on input line 177.
LaTeX Encoding Info:    Redeclaring text symbol \textpm (encoding TS1) on input line 178.
LaTeX Encoding Info:    Redeclaring text symbol \texttwosuperior (encoding TS1) on input line 179.
LaTeX Encoding Info:    Redeclaring text symbol \textthreesuperior (encoding TS1) on input line 180.
LaTeX Encoding Info:    Redeclaring text symbol \textasciiacute (encoding TS1) on input line 181.
LaTeX Encoding Info:    Redeclaring text symbol \textmu (encoding TS1) on input line 182.
LaTeX Encoding Info:    Redeclaring text symbol \textparagraph (encoding TS1) on input line 183.
LaTeX Encoding Info:    Redeclaring text symbol \textperiodcentered (encoding TS1) on input line 184.
LaTeX Encoding Info:    Redeclaring text symbol \textreferencemark (encoding TS1) on input line 185.
LaTeX Encoding Info:    Redeclaring text symbol \textonesuperior (encoding TS1) on input line 186.
LaTeX Encoding Info:    Redeclaring text symbol \textordmasculine (encoding TS1) on input line 187.
LaTeX Encoding Info:    Redeclaring text symbol \textsurd (encoding TS1) on input line 188.
LaTeX Encoding Info:    Redeclaring text symbol \textonequarter (encoding TS1) on input line 189.
LaTeX Encoding Info:    Redeclaring text symbol \textonehalf (encoding TS1) on input line 190.
LaTeX Encoding Info:    Redeclaring text symbol \textthreequarters (encoding TS1) on input line 191.
LaTeX Encoding Info:    Redeclaring text symbol \texteuro (encoding TS1) on input line 192.
LaTeX Encoding Info:    Redeclaring text symbol \texttimes (encoding TS1) on input line 193.
LaTeX Encoding Info:    Redeclaring text symbol \textdiv (encoding TS1) on input line 194.
))
\g__um_fam_int=\count311
\g__um_fonts_used_int=\count312
\l__um_primecount_int=\count313
\g__um_primekern_muskip=\muskip18
(/home/max/.TinyTeX/texmf-dist/tex/latex/unicode-math/unicode-math-table.tex))) (/home/max/.TinyTeX/texmf-dist/tex/latex/lm/lmodern.sty
Package: lmodern 2015/05/01 v1.6.1 Latin Modern Fonts
LaTeX Font Info:    Overwriting symbol font `operators' in version `normal'
(Font)                  OT1/cmr/m/n --> OT1/lmr/m/n on input line 22.
LaTeX Font Info:    Overwriting symbol font `letters' in version `normal'
(Font)                  OML/cmm/m/it --> OML/lmm/m/it on input line 23.
LaTeX Font Info:    Overwriting symbol font `symbols' in version `normal'
(Font)                  OMS/cmsy/m/n --> OMS/lmsy/m/n on input line 24.
LaTeX Font Info:    Overwriting symbol font `largesymbols' in version `normal'
(Font)                  OMX/cmex/m/n --> OMX/lmex/m/n on input line 25.
LaTeX Font Info:    Overwriting symbol font `operators' in version `bold'
(Font)                  OT1/cmr/bx/n --> OT1/lmr/bx/n on input line 26.
LaTeX Font Info:    Overwriting symbol font `letters' in version `bold'
(Font)                  OML/cmm/b/it --> OML/lmm/b/it on input line 27.
LaTeX Font Info:    Overwriting symbol font `symbols' in version `bold'
(Font)                  OMS/cmsy/b/n --> OMS/lmsy/b/n on input line 28.
LaTeX Font Info:    Overwriting symbol font `largesymbols' in version `bold'
(Font)                  OMX/cmex/m/n --> OMX/lmex/m/n on input line 29.
LaTeX Font Info:    Overwriting math alphabet `\mathbf' in version `normal'
(Font)                  OT1/cmr/bx/n --> OT1/lmr/bx/n on input line 31.
LaTeX Font Info:    Overwriting math alphabet `\mathsf' in version `normal'
(Font)                  OT1/cmss/m/n --> OT1/lmss/m/n on input line 32.
LaTeX Font Info:    Overwriting math alphabet `\mathit' in version `normal'
(Font)                  OT1/cmr/m/it --> OT1/lmr/m/it on input line 33.
LaTeX Font Info:    Overwriting math alphabet `\mathtt' in version `normal'
(Font)                  OT1/cmtt/m/n --> OT1/lmtt/m/n on input line 34.
LaTeX Font Info:    Overwriting math alphabet `\mathbf' in version `bold'
(Font)                  OT1/cmr/bx/n --> OT1/lmr/bx/n on input line 35.
LaTeX Font Info:    Overwriting math alphabet `\mathsf' in version `bold'
(Font)                  OT1/cmss/bx/n --> OT1/lmss/bx/n on input line 36.
LaTeX Font Info:    Overwriting math alphabet `\mathit' in version `bold'
(Font)                  OT1/cmr/bx/it --> OT1/lmr/bx/it on input line 37.
LaTeX Font Info:    Overwriting math alphabet `\mathtt' in version `bold'
(Font)                  OT1/cmtt/m/n --> OT1/lmtt/m/n on input line 38.
) (/home/max/.TinyTeX/texmf-dist/tex/latex/upquote/upquote.sty
Package: upquote 2012/04/19 v1.3 upright-quote and grave-accent glyphs in verbatim
(/home/max/.TinyTeX/texmf-dist/tex/latex/base/textcomp.sty
Package: textcomp 2024/04/24 v2.1b Standard LaTeX package
)) (/home/max/.TinyTeX/texmf-dist/tex/latex/microtype/microtype.sty
Package: microtype 2026/03/01 v3.2d Micro-typographical refinements (RS)
(/home/max/.TinyTeX/texmf-dist/tex/latex/etoolbox/etoolbox.sty
Package: etoolbox 2025/10/02 v2.5m e-TeX tools for LaTeX (JAW)
\etb@tempcnta=\count314
)
\MT@toks=\toks24
\MT@tempbox=\box55
\MT@count=\count315
LaTeX Info: Redefining \noprotrusionifhmode on input line 1084.
LaTeX Info: Redefining \leftprotrusion on input line 1085.
\MT@prot@toks=\toks25
LaTeX Info: Redefining \rightprotrusion on input line 1104.
LaTeX Info: Redefining \textls on input line 1449.
\MT@outer@kern=\dimen171
LaTeX Info: Redefining \microtypecontext on input line 2053.
LaTeX Info: Redefining \textmicrotypecontext on input line 2070.
\MT@listname@count=\count316
(/home/max/.TinyTeX/texmf-dist/tex/latex/microtype/microtype-xetex.def
File: microtype-xetex.def 2026/03/01 v3.2d Definitions specific to xetex (RS)
LaTeX Info: Redefining \lsstyle on input line 443.
LaTeX Info: Redefining \lslig on input line 451.
\MT@outer@space=\skip54
)
Package microtype Info: Loading configuration file microtype.cfg.
(/home/max/.TinyTeX/texmf-dist/tex/latex/microtype/microtype.cfg
File: microtype.cfg 2026/03/01 v3.2d microtype main configuration file (RS)
)
LaTeX Info: Redefining \microtypesetup on input line 3065.
) (/home/max/.TinyTeX/texmf-dist/tex/latex/parskip/parskip.sty
Package: parskip 2021-03-14 v2.0h non-zero parskip adjustments
(/home/max/.TinyTeX/texmf-dist/tex/latex/kvoptions/kvoptions.sty
Package: kvoptions 2022-06-15 v3.15 Key value format for package options (HO)
(/home/max/.TinyTeX/texmf-dist/tex/generic/ltxcmds/ltxcmds.sty
Package: ltxcmds 2023-12-04 v1.26 LaTeX kernel commands for general use (HO)
) (/home/max/.TinyTeX/texmf-dist/tex/latex/kvsetkeys/kvsetkeys.sty
Package: kvsetkeys 2022-10-05 v1.19 Key value parser (HO)
))) (/home/max/.TinyTeX/texmf-dist/tex/latex/fancyvrb/fancyvrb.sty
Package: fancyvrb 2026/08/13 4.7 verbatim text (tvz,hv)
\FV@CodeLineNo=\count317
\FV@InFile=\read2
\FV@TabBox=\box56
\c@FancyVerbLine=\count318
\FV@StepNumber=\count319
\FV@OutFile=\write3
) (/home/max/.TinyTeX/texmf-dist/tex/latex/framed/framed.sty
Package: framed 2011/10/22 v 0.96: framed or shaded text with page breaks
\OuterFrameSep=\skip55
\fb@frw=\dimen172
\fb@frh=\dimen173
\FrameRule=\dimen174
\FrameSep=\dimen175
) (/home/max/.TinyTeX/texmf-dist/tex/latex/tools/longtable.sty
Package: longtable 2026-01-28 v4.27 Multi-page Table package (DPC)
\LTleft=\skip56
\LTright=\skip57
\LTpre=\skip58
\LTpost=\skip59
\LTchunksize=\count320
\LTcapwidth=\dimen176
\LT@head=\box57
\LT@firsthead=\box58
\LT@foot=\box59
\LT@lastfoot=\box60
\LT@gbox=\box61
\LT@cols=\count321
\LT@rows=\count322
\c@LT@tables=\count323
\c@LT@chunks=\count324
\LT@p@ftn=\toks26
) (/home/max/.TinyTeX/texmf-dist/tex/latex/booktabs/booktabs.sty
Package: booktabs 2020/01/12 v1.61803398 Publication quality tables
\heavyrulewidth=\dimen177
\lightrulewidth=\dimen178
\cmidrulewidth=\dimen179
\belowrulesep=\dimen180
\belowbottomsep=\dimen181
\aboverulesep=\dimen182
\abovetopsep=\dimen183
\cmidrulesep=\dimen184
\cmidrulekern=\dimen185
\defaultaddspace=\dimen186
\@cmidla=\count325
\@cmidlb=\count326
\@aboverulesep=\dimen187
\@belowrulesep=\dimen188
\@thisruleclass=\count327
\@lastruleclass=\count328
\@thisrulewidth=\dimen189
) (/home/max/.TinyTeX/texmf-dist/tex/latex/tools/array.sty
Package: array 2026/02/24 v2.7b Tabular extension package (FMi)
\col@sep=\dimen190
\ar@mcellbox=\box62
\extrarowheight=\dimen191
\NC@list=\toks27
\extratabsurround=\skip60
\backup@length=\skip61
\ar@cellbox=\box63
) (/home/max/.TinyTeX/texmf-dist/tex/latex/tools/calc.sty
Package: calc 2025/03/01 v4.3b Infix arithmetic (KKT,FJ)
\calc@Acount=\count329
\calc@Bcount=\count330
\calc@Adimen=\dimen192
\calc@Bdimen=\dimen193
\calc@Askip=\skip62
\calc@Bskip=\skip63
LaTeX Info: Redefining \setlength on input line 86.
LaTeX Info: Redefining \addtolength on input line 87.
\calc@Ccount=\count331
\calc@Cskip=\skip64
) (/home/max/.TinyTeX/texmf-dist/tex/latex/mdwtools/footnote.sty
Package: footnote 1997/01/28 1.13 Save footnotes around boxes
\fn@notes=\box64
\fn@width=\dimen194
) (/home/max/.TinyTeX/texmf-dist/tex/latex/graphics/graphicx.sty
Package: graphicx 2026-05-17 v1.2e Enhanced LaTeX Graphics (DPC,SPQR)
(/home/max/.TinyTeX/texmf-dist/tex/latex/graphics/graphics.sty
Package: graphics 2026-05-17 v1.4h Standard LaTeX Graphics (DPC,SPQR)
(/home/max/.TinyTeX/texmf-dist/tex/latex/graphics/trig.sty
Package: trig 2023/12/02 v1.11 sin cos tan (DPC)
) (/home/max/.TinyTeX/texmf-dist/tex/latex/graphics-cfg/graphics.cfg
File: graphics.cfg 2016/06/04 v1.11 sample graphics configuration
)
Package graphics Info: Driver file: xetex.def on input line 106.
)
\Gin@req@height=\dimen195
\Gin@req@width=\dimen196
)
\pandoc@box=\box65
(/home/max/.TinyTeX/texmf-dist/tex/generic/babel/babel.sty
Package: babel 2026/08/21 v26.11 The multilingual framework for LuaLaTeX, pdfLaTeX and XeLaTeX
\babel@savecnt=\count332
LaTeX Encoding Info:    Redeclaring text command \ij (encoding OT1) on input line 2105.
LaTeX Encoding Info:    Redeclaring text command \IJ (encoding OT1) on input line 2107.
LaTeX Encoding Info:    Redeclaring text command \ij (encoding T1) on input line 2109.
LaTeX Encoding Info:    Redeclaring text command \IJ (encoding T1) on input line 2110.
LaTeX Encoding Info:    Ignoring declaration for text command \ij (encoding ?) on input line 2111.
LaTeX Encoding Info:    Ignoring declaration for text command \IJ (encoding ?) on input line 2113.
LaTeX Encoding Info:    Ignoring declaration for text command \SS (encoding ?) on input line 2138.
\U@D=\dimen197
\l@unhyphenated=\language7
(/home/max/.TinyTeX/texmf-dist/tex/generic/babel/xebabel.def)
\bbl@readstream=\read3
\bbl@dirlevel=\count333
(/home/max/.TinyTeX/texmf-dist/tex/generic/babel/locale/pt/babel-brazilian.tex)
Package babel Info: Importing font and identification data for 'brazilian'
(babel)             from babel-pt-BR.ini. Reported on input line 4460.
(/home/max/.TinyTeX/texmf-dist/tex/generic/babel-portuges/brazilian.ldf
Language: portuges 2026/01/24 v1.2u Portuguese support from the babel system
Package babel Info: Hyphen rules for 'brazilian' set to \l@portuguese
(babel)             (\language6). Reported on input line 100.
Package babel Info: Making " an active character on input line 132.
)) (/home/max/.TinyTeX/texmf-dist/tex/latex/physics/physics.sty
Package: physics 
) (/home/max/.TinyTeX/texmf-dist/tex/latex/braket/braket.sty) (/home/max/.TinyTeX/texmf-dist/tex/latex/tcolorbox/tcolorbox.sty
Package: tcolorbox 2026/05/28 version 6.10.0 text color boxes
(/home/max/.TinyTeX/texmf-dist/tex/latex/pgf/frontendlayer/tikz.sty (/home/max/.TinyTeX/texmf-dist/tex/latex/pgf/basiclayer/pgf.sty (/home/max/.TinyTeX/texmf-dist/tex/latex/pgf/utilities/pgfrcs.sty (/home/max/.TinyTeX/texmf-dist/tex/generic/pgf/utilities/pgfutil-common.tex
\pgfutil@everybye=\toks28
\pgfutil@tempdima=\dimen198
\pgfutil@tempdimb=\dimen199
) (/home/max/.TinyTeX/texmf-dist/tex/generic/pgf/utilities/pgfutil-latex.def
\pgfutil@abb=\box66
) (/home/max/.TinyTeX/texmf-dist/tex/generic/pgf/utilities/pgfrcs.code.tex (/home/max/.TinyTeX/texmf-dist/tex/generic/pgf/pgf.revision.tex)
Package: pgfrcs 2026-08-01 v3.1.12 (3.1.12)
))
Package: pgf 2026-08-01 v3.1.12 (3.1.12)
(/home/max/.TinyTeX/texmf-dist/tex/latex/pgf/basiclayer/pgfcore.sty (/home/max/.TinyTeX/texmf-dist/tex/latex/pgf/systemlayer/pgfsys.sty (/home/max/.TinyTeX/texmf-dist/tex/generic/pgf/systemlayer/pgfsys.code.tex
Package: pgfsys 2026-08-01 v3.1.12 (3.1.12)
(/home/max/.TinyTeX/texmf-dist/tex/generic/pgf/utilities/pgfkeys.code.tex
\pgfkeys@pathtoks=\toks29
\pgfkeys@temptoks=\toks30
(/home/max/.TinyTeX/texmf-dist/tex/generic/pgf/utilities/pgfkeyslibraryfiltered.code.tex
\pgfkeys@tmptoks=\toks31
))
\pgf@x=\dimen256
\pgf@y=\dimen257
\pgf@xa=\dimen258
\pgf@ya=\dimen259
\pgf@xb=\dimen260
\pgf@yb=\dimen261
\pgf@xc=\dimen262
\pgf@yc=\dimen263
\pgf@xd=\dimen264
\pgf@yd=\dimen265
\w@pgf@writea=\write4
\r@pgf@reada=\read4
\c@pgf@counta=\count334
\c@pgf@countb=\count335
\c@pgf@countc=\count336
\c@pgf@countd=\count337
\t@pgf@toka=\toks32
\t@pgf@tokb=\toks33
\t@pgf@tokc=\toks34
\pgf@sys@id@count=\count338
(/home/max/.TinyTeX/texmf-dist/tex/generic/pgf/systemlayer/pgf.cfg
File: pgf.cfg 2026-08-01 v3.1.12 (3.1.12)
)
Driver file for pgf: pgfsys-xetex.def
(/home/max/.TinyTeX/texmf-dist/tex/generic/pgf/systemlayer/pgfsys-xetex.def
File: pgfsys-xetex.def 2026-08-01 v3.1.12 (3.1.12)
(/home/max/.TinyTeX/texmf-dist/tex/generic/pgf/systemlayer/pgfsys-dvipdfmx.def
File: pgfsys-dvipdfmx.def 2026-08-01 v3.1.12 (3.1.12)
(/home/max/.TinyTeX/texmf-dist/tex/generic/pgf/systemlayer/pgfsys-common-pdf.def
File: pgfsys-common-pdf.def 2026-08-01 v3.1.12 (3.1.12)
)
\pgfsys@objnum=\count339
))) (/home/max/.TinyTeX/texmf-dist/tex/generic/pgf/systemlayer/pgfsyssoftpath.code.tex
File: pgfsyssoftpath.code.tex 2026-08-01 v3.1.12 (3.1.12)
\pgfsyssoftpath@smallbuffer@items=\count340
\pgfsyssoftpath@bigbuffer@items=\count341
) (/home/max/.TinyTeX/texmf-dist/tex/generic/pgf/systemlayer/pgfsysprotocol.code.tex
File: pgfsysprotocol.code.tex 2026-08-01 v3.1.12 (3.1.12)
)) (/home/max/.TinyTeX/texmf-dist/tex/generic/pgf/basiclayer/pgfcore.code.tex
Package: pgfcore 2026-08-01 v3.1.12 (3.1.12)
(/home/max/.TinyTeX/texmf-dist/tex/generic/pgf/math/pgfmath.code.tex (/home/max/.TinyTeX/texmf-dist/tex/generic/pgf/math/pgfmathutil.code.tex) (/home/max/.TinyTeX/texmf-dist/tex/generic/pgf/math/pgfmathparser.code.tex
\pgfmath@dimen=\dimen266
\pgfmath@count=\count342
\pgfmath@box=\box67
\pgfmath@toks=\toks35
\pgfmath@stack@operand=\toks36
\pgfmath@stack@operation=\toks37
) (/home/max/.TinyTeX/texmf-dist/tex/generic/pgf/math/pgfmathfunctions.code.tex) (/home/max/.TinyTeX/texmf-dist/tex/generic/pgf/math/pgfmathfunctions.basic.code.tex) (/home/max/.TinyTeX/texmf-dist/tex/generic/pgf/math/pgfmathfunctions.trigonometric.code.tex) (/home/max/.TinyTeX/texmf-dist/tex/generic/pgf/math/pgfmathfunctions.random.code.tex) (/home/max/.TinyTeX/texmf-dist/tex/generic/pgf/math/pgfmathfunctions.comparison.code.tex) (/home/max/.TinyTeX/texmf-dist/tex/generic/pgf/math/pgfmathfunctions.base.code.tex) (/home/max/.TinyTeX/texmf-dist/tex/generic/pgf/math/pgfmathfunctions.round.code.tex) (/home/max/.TinyTeX/texmf-dist/tex/generic/pgf/math/pgfmathfunctions.misc.code.tex) (/home/max/.TinyTeX/texmf-dist/tex/generic/pgf/math/pgfmathfunctions.integerarithmetics.code.tex) (/home/max/.TinyTeX/texmf-dist/tex/generic/pgf/math/pgfmathcalc.code.tex) (/home/max/.TinyTeX/texmf-dist/tex/generic/pgf/math/pgfmathfloat.code.tex
\c@pgfmathroundto@lastzeros=\count343
)) (/home/max/.TinyTeX/texmf-dist/tex/generic/pgf/math/pgfint.code.tex) (/home/max/.TinyTeX/texmf-dist/tex/generic/pgf/basiclayer/pgfcorepoints.code.tex
File: pgfcorepoints.code.tex 2026-08-01 v3.1.12 (3.1.12)
\pgf@picminx=\dimen267
\pgf@picmaxx=\dimen268
\pgf@picminy=\dimen269
\pgf@picmaxy=\dimen270
\pgf@pathminx=\dimen271
\pgf@pathmaxx=\dimen272
\pgf@pathminy=\dimen273
\pgf@pathmaxy=\dimen274
\pgf@xx=\dimen275
\pgf@xy=\dimen276
\pgf@yx=\dimen277
\pgf@yy=\dimen278
\pgf@zx=\dimen279
\pgf@zy=\dimen280
) (/home/max/.TinyTeX/texmf-dist/tex/generic/pgf/basiclayer/pgfcorepathconstruct.code.tex
File: pgfcorepathconstruct.code.tex 2026-08-01 v3.1.12 (3.1.12)
\pgf@path@lastx=\dimen281
\pgf@path@lasty=\dimen282
) (/home/max/.TinyTeX/texmf-dist/tex/generic/pgf/basiclayer/pgfcorepathusage.code.tex
File: pgfcorepathusage.code.tex 2026-08-01 v3.1.12 (3.1.12)
\pgf@shorten@end@additional=\dimen283
\pgf@shorten@start@additional=\dimen284
) (/home/max/.TinyTeX/texmf-dist/tex/generic/pgf/basiclayer/pgfcorescopes.code.tex
File: pgfcorescopes.code.tex 2026-08-01 v3.1.12 (3.1.12)
\pgfpic=\box68
\pgf@hbox=\box69
\pgf@layerbox@main=\box70
\pgf@picture@serial@count=\count344
) (/home/max/.TinyTeX/texmf-dist/tex/generic/pgf/basiclayer/pgfcoregraphicstate.code.tex
File: pgfcoregraphicstate.code.tex 2026-08-01 v3.1.12 (3.1.12)
\pgflinewidth=\dimen285
) (/home/max/.TinyTeX/texmf-dist/tex/generic/pgf/basiclayer/pgfcoretransformations.code.tex
File: pgfcoretransformations.code.tex 2026-08-01 v3.1.12 (3.1.12)
\pgf@pt@x=\dimen286
\pgf@pt@y=\dimen287
\pgf@pt@temp=\dimen288
) (/home/max/.TinyTeX/texmf-dist/tex/generic/pgf/basiclayer/pgfcorequick.code.tex
File: pgfcorequick.code.tex 2026-08-01 v3.1.12 (3.1.12)
) (/home/max/.TinyTeX/texmf-dist/tex/generic/pgf/basiclayer/pgfcoreobjects.code.tex
File: pgfcoreobjects.code.tex 2026-08-01 v3.1.12 (3.1.12)
) (/home/max/.TinyTeX/texmf-dist/tex/generic/pgf/basiclayer/pgfcorepathprocessing.code.tex
File: pgfcorepathprocessing.code.tex 2026-08-01 v3.1.12 (3.1.12)
) (/home/max/.TinyTeX/texmf-dist/tex/generic/pgf/basiclayer/pgfcorearrows.code.tex
File: pgfcorearrows.code.tex 2026-08-01 v3.1.12 (3.1.12)
\pgfarrowsep=\dimen289
) (/home/max/.TinyTeX/texmf-dist/tex/generic/pgf/basiclayer/pgfcoreshade.code.tex
File: pgfcoreshade.code.tex 2026-08-01 v3.1.12 (3.1.12)
\pgf@max=\dimen290
\pgf@sys@shading@range@num=\count345
\pgf@shadingcount=\count346
) (/home/max/.TinyTeX/texmf-dist/tex/generic/pgf/basiclayer/pgfcoreimage.code.tex
File: pgfcoreimage.code.tex 2026-08-01 v3.1.12 (3.1.12)
) (/home/max/.TinyTeX/texmf-dist/tex/generic/pgf/basiclayer/pgfcoreexternal.code.tex
File: pgfcoreexternal.code.tex 2026-08-01 v3.1.12 (3.1.12)
\pgfexternal@startupbox=\box71
) (/home/max/.TinyTeX/texmf-dist/tex/generic/pgf/basiclayer/pgfcorelayers.code.tex
File: pgfcorelayers.code.tex 2026-08-01 v3.1.12 (3.1.12)
) (/home/max/.TinyTeX/texmf-dist/tex/generic/pgf/basiclayer/pgfcoretransparency.code.tex
File: pgfcoretransparency.code.tex 2026-08-01 v3.1.12 (3.1.12)
) (/home/max/.TinyTeX/texmf-dist/tex/generic/pgf/basiclayer/pgfcorepatterns.code.tex
File: pgfcorepatterns.code.tex 2026-08-01 v3.1.12 (3.1.12)
) (/home/max/.TinyTeX/texmf-dist/tex/generic/pgf/basiclayer/pgfcorerdf.code.tex
File: pgfcorerdf.code.tex 2026-08-01 v3.1.12 (3.1.12)
))) (/home/max/.TinyTeX/texmf-dist/tex/generic/pgf/modules/pgfmoduleshapes.code.tex
File: pgfmoduleshapes.code.tex 2026-08-01 v3.1.12 (3.1.12)
\pgfnodeparttextbox=\box72
) (/home/max/.TinyTeX/texmf-dist/tex/generic/pgf/modules/pgfmoduleplot.code.tex
File: pgfmoduleplot.code.tex 2026-08-01 v3.1.12 (3.1.12)
) (/home/max/.TinyTeX/texmf-dist/tex/latex/pgf/compatibility/pgfcomp-version-0-65.sty
Package: pgfcomp-version-0-65 2026-08-01 v3.1.12 (3.1.12)
\pgf@nodesepstart=\dimen291
\pgf@nodesepend=\dimen292
) (/home/max/.TinyTeX/texmf-dist/tex/latex/pgf/compatibility/pgfcomp-version-1-18.sty
Package: pgfcomp-version-1-18 2026-08-01 v3.1.12 (3.1.12)
)) (/home/max/.TinyTeX/texmf-dist/tex/latex/pgf/utilities/pgffor.sty (/home/max/.TinyTeX/texmf-dist/tex/latex/pgf/utilities/pgfkeys.sty (/home/max/.TinyTeX/texmf-dist/tex/generic/pgf/utilities/pgfkeys.code.tex)) (/home/max/.TinyTeX/texmf-dist/tex/latex/pgf/math/pgfmath.sty (/home/max/.TinyTeX/texmf-dist/tex/generic/pgf/math/pgfmath.code.tex)) (/home/max/.TinyTeX/texmf-dist/tex/generic/pgf/utilities/pgffor.code.tex
Package: pgffor 2026-08-01 v3.1.12 (3.1.12)
\pgffor@iter=\dimen293
\pgffor@skip=\dimen294
\pgffor@stack=\toks38
\pgffor@toks=\toks39
)) (/home/max/.TinyTeX/texmf-dist/tex/generic/pgf/frontendlayer/tikz/tikz.code.tex
Package: tikz 2026-08-01 v3.1.12 (3.1.12)
(/home/max/.TinyTeX/texmf-dist/tex/generic/pgf/libraries/pgflibraryplothandlers.code.tex
File: pgflibraryplothandlers.code.tex 2026-08-01 v3.1.12 (3.1.12)
\pgf@plot@mark@count=\count347
\pgfplotmarksize=\dimen295
)
\tikz@lastx=\dimen296
\tikz@lasty=\dimen297
\tikz@lastxsaved=\dimen298
\tikz@lastysaved=\dimen299
\tikz@lastmovetox=\dimen300
\tikz@lastmovetoy=\dimen301
\tikzleveldistance=\dimen302
\tikzsiblingdistance=\dimen303
\tikz@figbox=\box73
\tikz@figbox@bg=\box74
\tikz@tempbox=\box75
\tikz@tempbox@bg=\box76
\tikztreelevel=\count348
\tikznumberofchildren=\count349
\tikznumberofcurrentchild=\count350
\tikz@fig@count=\count351
(/home/max/.TinyTeX/texmf-dist/tex/generic/pgf/modules/pgfmodulematrix.code.tex
File: pgfmodulematrix.code.tex 2026-08-01 v3.1.12 (3.1.12)
\pgfmatrixcurrentrow=\count352
\pgfmatrixcurrentcolumn=\count353
\pgf@matrix@numberofcolumns=\count354
)
\tikz@expandcount=\count355
(/home/max/.TinyTeX/texmf-dist/tex/generic/pgf/frontendlayer/tikz/libraries/tikzlibrarytopaths.code.tex
File: tikzlibrarytopaths.code.tex 2026-08-01 v3.1.12 (3.1.12)
))) (/home/max/.TinyTeX/texmf-dist/tex/latex/tools/verbatim.sty
Package: verbatim 2024-01-22 v1.5x LaTeX2e package for verbatim enhancements
\every@verbatim=\toks40
\verbatim@line=\toks41
\verbatim@in@stream=\read5
) (/home/max/.TinyTeX/texmf-dist/tex/latex/environ/environ.sty
Package: environ 2014/05/04 v0.3 A new way to define environments
(/home/max/.TinyTeX/texmf-dist/tex/latex/trimspaces/trimspaces.sty
Package: trimspaces 2009/09/17 v1.1 Trim spaces around a token list
))
\tcb@titlebox=\box77
\tcb@upperbox=\box78
\tcb@lowerbox=\box79
\tcb@phantombox=\box80
\c@tcbbreakpart=\count356
\c@tcblayer=\count357
\c@tcolorbox@number=\count358
\l__tcobox_tmpa_box=\box81
\l__tcobox_tmpa_dim=\dimen304
\tcb@temp=\box82
\tcb@temp=\box83
\tcb@temp=\box84
\tcb@temp=\box85
(/home/max/.TinyTeX/texmf-dist/tex/latex/tcolorbox/tcbskins.code.tex
Library (tcolorbox): 'tcbskins.code.tex' version '6.10.0'
(/home/max/.TinyTeX/texmf-dist/tex/latex/tikzfill/tikzfill.image.sty
Package: tikzfill.image 2026/04/23 v1.2.0 Image filling library for TikZ
(/home/max/.TinyTeX/texmf-dist/tex/latex/tikzfill/tikzlibraryfill.image.code.tex
File: tikzlibraryfill.image.code.tex 2026/04/23 v1.2.0 Image filling library
\l__tikzfill_tmpa_dim=\dimen305
\l__tikzfill_tmpb_dim=\dimen306
\l__tikzfill_img_box=\box86
)) (/home/max/.TinyTeX/texmf-dist/tex/latex/tcolorbox/tcbskinsjigsaw.code.tex
Library (tcolorbox): 'tcbskinsjigsaw.code.tex' version '6.10.0'
)) (/home/max/.TinyTeX/texmf-dist/tex/latex/tcolorbox/tcbbreakable.code.tex
Library (tcolorbox): 'tcbbreakable.code.tex' version '6.10.0'
(/home/max/.TinyTeX/texmf-dist/tex/latex/pdfcol/pdfcol.sty
Package: pdfcol 2026-06-20 v1.8 Handle new color stacks for pdfTeX (HO)
(/home/max/.TinyTeX/texmf-dist/tex/generic/infwarerr/infwarerr.sty
Package: infwarerr 2019/12/03 v1.5 Providing info/warning/error messages (HO)
)
Package pdfcol Info: Interface disabled because of missing PDF mode of pdfTeX.
)
Package pdfcol Info: pdfTeX's color stacks are not available.
\tcb@testbox=\box87
\tcb@totalupperbox=\box88
\tcb@totallowerbox=\box89
)) (/home/max/.TinyTeX/texmf-dist/tex/latex/fontawesome5/fontawesome5.sty
Package: fontawesome5 2022/05/02 v5.15.4 Font Awesome 5
(/home/max/.TinyTeX/texmf-dist/tex/latex/fontawesome5/fontawesome5-utex-helper.sty
Package: fontawesome5-utex-helper 2022/05/02 v5.15.4 uTeX helper for fontawesome5
LaTeX Font Info:    Trying to load font information for TU+fontawesomefree on input line 69.
(/home/max/.TinyTeX/texmf-dist/tex/latex/fontawesome5/tufontawesomefree.fd)
LaTeX Font Info:    Trying to load font information for TU+fontawesomebrands on input line 70.
(/home/max/.TinyTeX/texmf-dist/tex/latex/fontawesome5/tufontawesomebrands.fd))) (/home/max/.TinyTeX/texmf-dist/tex/latex/caption/caption.sty
Package: caption 2023/08/05 v3.6o Customizing captions (AR)
(/home/max/.TinyTeX/texmf-dist/tex/latex/caption/caption3.sty
Package: caption3 2023/07/31 v2.4d caption3 kernel (AR)
\caption@tempdima=\dimen307
\captionmargin=\dimen308
\caption@leftmargin=\dimen309
\caption@rightmargin=\dimen310
\caption@width=\dimen311
\caption@indent=\dimen312
\caption@parindent=\dimen313
\caption@hangindent=\dimen314
Package caption Info: Standard document class detected.
)
\c@caption@flags=\count359
\c@continuedfloat=\count360
Package caption Info: longtable package is loaded.
(/home/max/.TinyTeX/texmf-dist/tex/latex/caption/ltcaption.sty
Package: ltcaption 2021/01/08 v1.4c longtable captions (AR)
)) (/home/max/.TinyTeX/texmf-dist/tex/latex/float/float.sty
Package: float 2001/11/08 v1.3d Float enhancements (AL)
\c@float@type=\count361
\float@exts=\toks42
\float@box=\box90
\@float@everytoks=\toks43
\@floatcapt=\box91
)
\@float@every@codelisting=\toks44
\c@codelisting=\count362
(/home/max/.TinyTeX/texmf-dist/tex/latex/caption/subcaption.sty
Package: subcaption 2023/07/28 v1.6b Sub-captions (AR)
Package caption Info: New subtype `subfigure' on input line 238.
\c@subfigure=\count363
Package caption Info: New subtype `subtable' on input line 238.
\c@subtable=\count364
) (/home/max/.TinyTeX/texmf-dist/tex/latex/bookmark/bookmark.sty
Package: bookmark 2026-05-21 v1.32 PDF bookmarks (HO)
(/home/max/.TinyTeX/texmf-dist/tex/latex/hyperref/hyperref.sty
Package: hyperref 2026-06-17 v7.01r Hypertext links for LaTeX
(/home/max/.TinyTeX/texmf-dist/tex/generic/kvdefinekeys/kvdefinekeys.sty
Package: kvdefinekeys 2019-12-19 v1.6 Define keys (HO)
) (/home/max/.TinyTeX/texmf-dist/tex/generic/pdfescape/pdfescape.sty
Package: pdfescape 2019/12/09 v1.15 Implements pdfTeX's escape features (HO)
(/home/max/.TinyTeX/texmf-dist/tex/generic/pdftexcmds/pdftexcmds.sty
Package: pdftexcmds 2020-06-27 v0.33 Utility functions of pdfTeX for LuaTeX (HO)
Package pdftexcmds Info: \pdf@primitive is available.
Package pdftexcmds Info: \pdf@ifprimitive is available.
Package pdftexcmds Info: \pdfdraftmode not found.
)) (/home/max/.TinyTeX/texmf-dist/tex/latex/hycolor/hycolor.sty
Package: hycolor 2020-01-27 v1.10 Color options for hyperref/bookmark (HO)
) (/home/max/.TinyTeX/texmf-dist/tex/latex/hyperref/nameref.sty
Package: nameref 2026-01-29 v2.58 Cross-referencing by name of section
(/home/max/.TinyTeX/texmf-dist/tex/latex/refcount/refcount.sty
Package: refcount 2019/12/15 v3.6 Data extraction from label references (HO)
) (/home/max/.TinyTeX/texmf-dist/tex/generic/gettitlestring/gettitlestring.sty
Package: gettitlestring 2019/12/15 v1.6 Cleanup title references (HO)
)
\c@section@level=\count365
) (/home/max/.TinyTeX/texmf-dist/tex/generic/stringenc/stringenc.sty
Package: stringenc 2019/11/29 v1.12 Convert strings between diff. encodings (HO)
)
\@linkdim=\dimen315
\Hy@linkcounter=\count366
\Hy@pagecounter=\count367
(/home/max/.TinyTeX/texmf-dist/tex/latex/hyperref/pd1enc.def
File: pd1enc.def 2026-06-17 v7.01r Hyperref: PDFDocEncoding definition (HO)
) (/home/max/.TinyTeX/texmf-dist/tex/generic/intcalc/intcalc.sty
Package: intcalc 2019/12/15 v1.3 Expandable calculations with integers (HO)
)
\Hy@SavedSpaceFactor=\count368
(/home/max/.TinyTeX/texmf-dist/tex/latex/hyperref/puenc.def
File: puenc.def 2026-06-17 v7.01r Hyperref: PDF Unicode definition (HO)
)
Package hyperref Info: Option `unicode' set `true' on input line 4070.
Package hyperref Info: Hyper figures OFF on input line 4199.
Package hyperref Info: Link nesting OFF on input line 4204.
Package hyperref Info: Hyper index ON on input line 4207.
Package hyperref Info: Plain pages OFF on input line 4214.
Package hyperref Info: Backreferencing OFF on input line 4219.
Package hyperref Info: Implicit mode ON; LaTeX internals redefined.
Package hyperref Info: Bookmarks ON on input line 4466.
\c@Hy@tempcnt=\count369
(/home/max/.TinyTeX/texmf-dist/tex/latex/url/url.sty
\Urlmuskip=\muskip19
Package: url 2013/09/16  ver 3.4  Verb mode for urls, etc.
)
LaTeX Info: Redefining \url on input line 4805.
\XeTeXLinkMargin=\dimen316
(/home/max/.TinyTeX/texmf-dist/tex/generic/bitset/bitset.sty
Package: bitset 2019/12/09 v1.3 Handle bit-vector datatype (HO)
(/home/max/.TinyTeX/texmf-dist/tex/generic/bigintcalc/bigintcalc.sty
Package: bigintcalc 2019/12/15 v1.5 Expandable calculations on big integers (HO)
))
\Fld@menulength=\count370
\Field@Width=\dimen317
\Fld@charsize=\dimen318
Package hyperref Info: Hyper figures OFF on input line 6091.
Package hyperref Info: Link nesting OFF on input line 6096.
Package hyperref Info: Hyper index ON on input line 6099.
Package hyperref Info: backreferencing OFF on input line 6106.
Package hyperref Info: Link coloring OFF on input line 6111.
Package hyperref Info: Link coloring with OCG OFF on input line 6116.
Package hyperref Info: PDF/A mode OFF on input line 6121.
\Hy@abspage=\count371
\c@Item=\count372
\c@Hfootnote=\count373
)
Package hyperref Info: Driver (autodetected): hxetex.
(/home/max/.TinyTeX/texmf-dist/tex/latex/hyperref/hxetex.def
File: hxetex.def 2026-06-17 v7.01r Hyperref driver for XeTeX
\pdfm@box=\box92
\c@Hy@AnnotLevel=\count374
\HyField@AnnotCount=\count375
\Fld@listcount=\count376
\c@bookmark@seq@number=\count377
(/home/max/.TinyTeX/texmf-dist/tex/latex/rerunfilecheck/rerunfilecheck.sty
Package: rerunfilecheck 2025-06-21 v1.11 Rerun checks for auxiliary files (HO)
(/home/max/.TinyTeX/texmf-dist/tex/generic/uniquecounter/uniquecounter.sty
Package: uniquecounter 2019/12/15 v1.4 Provide unlimited unique counter (HO)
)
Package uniquecounter Info: New unique counter `rerunfilecheck' on input line 284.
)
\Hy@SectionHShift=\skip65
) (/home/max/.TinyTeX/texmf-dist/tex/latex/bookmark/bkm-xetex.def
File: bkm-xetex.def 2026-05-21 v1.32 bookmark driver for xetex (HO)
\BKM@id=\count378
))
Package hyperref Info: Option `colorlinks' set `true' on input line 229.
No file apostila.aux.
\openout1 = `apostila.aux'.

LaTeX Font Info:    Checking defaults for OML/cmm/m/it on input line 242.
LaTeX Font Info:    ... okay on input line 242.
LaTeX Font Info:    Checking defaults for OMS/cmsy/m/n on input line 242.
LaTeX Font Info:    ... okay on input line 242.
LaTeX Font Info:    Checking defaults for OT1/cmr/m/n on input line 242.
LaTeX Font Info:    ... okay on input line 242.
LaTeX Font Info:    Checking defaults for T1/cmr/m/n on input line 242.
LaTeX Font Info:    ... okay on input line 242.
LaTeX Font Info:    Checking defaults for TS1/cmr/m/n on input line 242.
LaTeX Font Info:    ... okay on input line 242.
LaTeX Font Info:    Checking defaults for TU/lmr/m/n on input line 242.
LaTeX Font Info:    ... okay on input line 242.
LaTeX Font Info:    Checking defaults for OMX/cmex/m/n on input line 242.
LaTeX Font Info:    ... okay on input line 242.
LaTeX Font Info:    Checking defaults for U/cmr/m/n on input line 242.
LaTeX Font Info:    ... okay on input line 242.
LaTeX Font Info:    Checking defaults for PD1/pdf/m/n on input line 242.
LaTeX Font Info:    ... okay on input line 242.
LaTeX Font Info:    Checking defaults for PU/pdf/m/n on input line 242.
LaTeX Font Info:    ... okay on input line 242.
*geometry* driver: auto-detecting
*geometry* detected driver: xetex
*geometry* verbose mode - [ preamble ] result:
* driver: xetex
* paper: <default>
* layout: <same size as paper>
* layoutoffset:(h,v)=(0.0pt,0.0pt)
* modes: 
* h-part:(L,W,R)=(71.13188pt, 472.03123pt, 71.13188pt)
* v-part:(T,H,B)=(71.13188pt, 652.70622pt, 71.13188pt)
* \paperwidth=614.295pt
* \paperheight=794.96999pt
* \textwidth=472.03123pt
* \textheight=652.70622pt
* \oddsidemargin=-1.1381pt
* \evensidemargin=-1.1381pt
* \topmargin=-38.1381pt
* \headheight=12.0pt
* \headsep=25.0pt
* \topskip=10.0pt
* \footskip=30.0pt
* \marginparwidth=65.0pt
* \marginparsep=11.0pt
* \columnsep=10.0pt
* \skip\footins=9.0pt plus 4.0pt minus 2.0pt
* \hoffset=0.0pt
* \voffset=0.0pt
* \mag=1000
* \@twocolumnfalse
* \@twosidefalse
* \@mparswitchfalse
* \@reversemarginfalse
* (1in=72.27pt=25.4mm, 1cm=28.453pt)

LaTeX Font Info:    Overwriting math alphabet `\mathrm' in version `normal'
(Font)                  OT1/lmr/m/n --> TU/lmr/m/n on input line 242.
LaTeX Font Info:    Overwriting math alphabet `\mathit' in version `normal'
(Font)                  OT1/lmr/m/it --> TU/lmr/m/it on input line 242.
LaTeX Font Info:    Overwriting math alphabet `\mathbf' in version `normal'
(Font)                  OT1/lmr/bx/n --> TU/lmr/bx/n on input line 242.
LaTeX Font Info:    Overwriting math alphabet `\mathsf' in version `normal'
(Font)                  OT1/lmss/m/n --> TU/lmss/m/n on input line 242.
LaTeX Font Info:    Overwriting math alphabet `\mathsf' in version `bold'
(Font)                  OT1/lmss/bx/n --> TU/lmss/bx/n on input line 242.
LaTeX Font Info:    Overwriting math alphabet `\mathtt' in version `normal'
(Font)                  OT1/lmtt/m/n --> TU/lmtt/m/n on input line 242.
LaTeX Font Info:    Overwriting math alphabet `\mathtt' in version `bold'
(Font)                  OT1/lmtt/m/n --> TU/lmtt/bx/n on input line 242.

Package fontspec Info: 
(fontspec)             latinmodern-math scale = 0.9999964596882403.


Package fontspec Info: 
(fontspec)             latinmodern-math scale = 0.9999964596882403.


Package fontspec Info: 
(fontspec)             latinmodern-math scale = 0.9999964596882403.


Package fontspec Info: 
(fontspec)             Font family 'latinmodern-math.otf(0)' created for font
(fontspec)             'latinmodern-math.otf' with options
(fontspec)             [Scale=MatchLowercase,BoldItalicFont={},ItalicFont={},SmallCapsFont={},Script=Math,BoldFont={latinmodern-math.otf}].
(fontspec)              
(fontspec)              This font family consists of the following NFSS
(fontspec)             series/shapes:
(fontspec)              
(fontspec)             - 'normal' (m/n) with NFSS spec.:
(fontspec)             <->s*[0.9999964596882403]"[latinmodern-math.otf]/OT:script=math;language=dflt;"
(fontspec)             - 'bold' (b/n) with NFSS spec.:
(fontspec)             <->s*[0.9999964596882403]"[latinmodern-math.otf]/OT:script=math;language=dflt;"

LaTeX Font Info:    Font shape `TU/latinmodern-math.otf(0)/m/n' will be
(Font)              scaled to size 10.0pt on input line 242.

Package fontspec Info: 
(fontspec)             latinmodern-math scale = 0.9999964596882403.


Package fontspec Info: 
(fontspec)             latinmodern-math scale = 0.9999964596882403.


Package fontspec Info: 
(fontspec)             latinmodern-math scale = 0.9999964596882403.


Package fontspec Info: 
(fontspec)             latinmodern-math scale = 0.9999964596882403.


Package fontspec Info: 
(fontspec)             latinmodern-math scale = 0.9999964596882403.


Package fontspec Info: 
(fontspec)             Font family 'latinmodern-math.otf(1)' created for font
(fontspec)             'latinmodern-math.otf' with options
(fontspec)             [Scale=MatchLowercase,BoldItalicFont={},ItalicFont={},SmallCapsFont={},Script=Math,SizeFeatures={{Size=8.5-},{Size=6-8.5,Font=latinmodern-math.otf,Style=MathScript},{Size=-6,Font=latinmodern-math.otf,Style=MathScriptScript}},BoldFont={latinmodern-math.otf}].
(fontspec)              
(fontspec)              This font family consists of the following NFSS
(fontspec)             series/shapes:
(fontspec)              
(fontspec)             - 'normal' (m/n) with NFSS spec.:
(fontspec)             <8.5->s*[0.9999964596882403]"[latinmodern-math.otf]/OT:script=math;language=dflt;"<6-8.5>s*[0.9999964596882403]"[latinmodern-math.otf]/OT:script=math;language=dflt;+ssty=0;"<-6>s*[0.9999964596882403]"[latinmodern-math.otf]/OT:script=math;language=dflt;+ssty=1;"
(fontspec)             - 'bold' (b/n) with NFSS spec.:
(fontspec)             <->s*[0.9999964596882403]"[latinmodern-math.otf]/OT:script=math;language=dflt;"

LaTeX Font Info:    Font shape `TU/latinmodern-math.otf(1)/m/n' will be
(Font)              scaled to size 10.0pt on input line 242.
LaTeX Font Info:    Encoding `OT1' has changed to `TU' for symbol font
(Font)              `operators' in the math version `normal' on input line 242.
LaTeX Font Info:    Overwriting symbol font `operators' in version `normal'
(Font)                  OT1/lmr/m/n --> TU/latinmodern-math.otf(1)/m/n on input line 242.
LaTeX Font Info:    Encoding `OT1' has changed to `TU' for symbol font
(Font)              `operators' in the math version `bold' on input line 242.
LaTeX Font Info:    Overwriting symbol font `operators' in version `bold'
(Font)                  OT1/lmr/bx/n --> TU/latinmodern-math.otf(1)/b/n on input line 242.

Package fontspec Info: 
(fontspec)             latinmodern-math scale = 0.9999964596882403.


Package fontspec Info: 
(fontspec)             latinmodern-math scale = 1.000096459334209.


Package fontspec Info: 
(fontspec)             latinmodern-math scale = 0.9999964596882403.


Package fontspec Info: 
(fontspec)             latinmodern-math scale = 1.000096459334209.


Package fontspec Info: 
(fontspec)             latinmodern-math scale = 0.9999964596882403.


Package fontspec Info: 
(fontspec)             latinmodern-math scale = 1.000096459334209.


Package fontspec Info: 
(fontspec)             latinmodern-math scale = 0.9999964596882403.


Package fontspec Info: 
(fontspec)             latinmodern-math scale = 1.000096459334209.


Package fontspec Info: 
(fontspec)             latinmodern-math scale = 0.9999964596882403.


Package fontspec Info: 
(fontspec)             latinmodern-math scale = 1.000096459334209.


Package fontspec Info: 
(fontspec)             Font family 'latinmodern-math.otf(2)' created for font
(fontspec)             'latinmodern-math.otf' with options
(fontspec)             [Scale=MatchLowercase,BoldItalicFont={},ItalicFont={},SmallCapsFont={},Script=Math,SizeFeatures={{Size=8.5-},{Size=6-8.5,Font=latinmodern-math.otf,Style=MathScript},{Size=-6,Font=latinmodern-math.otf,Style=MathScriptScript}},BoldFont={latinmodern-math.otf},ScaleAgain=1.0001,FontAdjustment={\fontdimen
(fontspec)             8\font =6.77pt\relax \fontdimen 9\font =3.94pt\relax
(fontspec)             \fontdimen 10\font =4.44pt\relax \fontdimen 11\font
(fontspec)             =6.86pt\relax \fontdimen 12\font =3.45pt\relax
(fontspec)             \fontdimen 13\font =3.63pt\relax \fontdimen 14\font
(fontspec)             =3.63pt\relax \fontdimen 15\font =2.89pt\relax
(fontspec)             \fontdimen 16\font =2.47pt\relax \fontdimen 17\font
(fontspec)             =2.47pt\relax \fontdimen 18\font =2.5pt\relax
(fontspec)             \fontdimen 19\font =2.0pt\relax \fontdimen 22\font
(fontspec)             =2.5pt\relax \fontdimen 20\font =0pt\relax \fontdimen
(fontspec)             21\font =0pt\relax }].
(fontspec)              
(fontspec)              This font family consists of the following NFSS
(fontspec)             series/shapes:
(fontspec)              
(fontspec)             - 'normal' (m/n) with NFSS spec.:
(fontspec)             <8.5->s*[1.000096459334209]"[latinmodern-math.otf]/OT:script=math;language=dflt;"<6-8.5>s*[1.000096459334209]"[latinmodern-math.otf]/OT:script=math;language=dflt;+ssty=0;"<-6>s*[1.000096459334209]"[latinmodern-math.otf]/OT:script=math;language=dflt;+ssty=1;"
(fontspec)             - 'bold' (b/n) with NFSS spec.:
(fontspec)             <->s*[1.000096459334209]"[latinmodern-math.otf]/OT:script=math;language=dflt;"

LaTeX Font Info:    Encoding `OMS' has changed to `TU' for symbol font
(Font)              `symbols' in the math version `normal' on input line 242.
LaTeX Font Info:    Overwriting symbol font `symbols' in version `normal'
(Font)                  OMS/lmsy/m/n --> TU/latinmodern-math.otf(2)/m/n on input line 242.
LaTeX Font Info:    Encoding `OMS' has changed to `TU' for symbol font
(Font)              `symbols' in the math version `bold' on input line 242.
LaTeX Font Info:    Overwriting symbol font `symbols' in version `bold'
(Font)                  OMS/lmsy/b/n --> TU/latinmodern-math.otf(2)/b/n on input line 242.

Package fontspec Info: 
(fontspec)             latinmodern-math scale = 0.9999964596882403.


Package fontspec Info: 
(fontspec)             latinmodern-math scale = 0.9998964600422715.


Package fontspec Info: 
(fontspec)             latinmodern-math scale = 0.9999964596882403.


Package fontspec Info: 
(fontspec)             latinmodern-math scale = 0.9998964600422715.


Package fontspec Info: 
(fontspec)             latinmodern-math scale = 0.9999964596882403.


Package fontspec Info: 
(fontspec)             latinmodern-math scale = 0.9998964600422715.


Package fontspec Info: 
(fontspec)             latinmodern-math scale = 0.9999964596882403.


Package fontspec Info: 
(fontspec)             latinmodern-math scale = 0.9998964600422715.


Package fontspec Info: 
(fontspec)             latinmodern-math scale = 0.9999964596882403.


Package fontspec Info: 
(fontspec)             latinmodern-math scale = 0.9998964600422715.


Package fontspec Info: 
(fontspec)             Font family 'latinmodern-math.otf(3)' created for font
(fontspec)             'latinmodern-math.otf' with options
(fontspec)             [Scale=MatchLowercase,BoldItalicFont={},ItalicFont={},SmallCapsFont={},Script=Math,SizeFeatures={{Size=8.5-},{Size=6-8.5,Font=latinmodern-math.otf,Style=MathScript},{Size=-6,Font=latinmodern-math.otf,Style=MathScriptScript}},BoldFont={latinmodern-math.otf},ScaleAgain=0.9999,FontAdjustment={\fontdimen
(fontspec)             8\font =0.4pt\relax \fontdimen 9\font =2.0pt\relax
(fontspec)             \fontdimen 10\font =1.67pt\relax \fontdimen 11\font
(fontspec)             =1.11pt\relax \fontdimen 12\font =6.0pt\relax
(fontspec)             \fontdimen 13\font =0pt\relax }].
(fontspec)              
(fontspec)              This font family consists of the following NFSS
(fontspec)             series/shapes:
(fontspec)              
(fontspec)             - 'normal' (m/n) with NFSS spec.:
(fontspec)             <8.5->s*[0.9998964600422715]"[latinmodern-math.otf]/OT:script=math;language=dflt;"<6-8.5>s*[0.9998964600422715]"[latinmodern-math.otf]/OT:script=math;language=dflt;+ssty=0;"<-6>s*[0.9998964600422715]"[latinmodern-math.otf]/OT:script=math;language=dflt;+ssty=1;"
(fontspec)             - 'bold' (b/n) with NFSS spec.:
(fontspec)             <->s*[0.9998964600422715]"[latinmodern-math.otf]/OT:script=math;language=dflt;"

LaTeX Font Info:    Encoding `OMX' has changed to `TU' for symbol font
(Font)              `largesymbols' in the math version `normal' on input line 242.
LaTeX Font Info:    Overwriting symbol font `largesymbols' in version `normal'
(Font)                  OMX/lmex/m/n --> TU/latinmodern-math.otf(3)/m/n on input line 242.
LaTeX Font Info:    Encoding `OMX' has changed to `TU' for symbol font
(Font)              `largesymbols' in the math version `bold' on input line 242.
LaTeX Font Info:    Overwriting symbol font `largesymbols' in version `bold'
(Font)                  OMX/lmex/m/n --> TU/latinmodern-math.otf(3)/b/n on input line 242.
LaTeX Info: Redefining \microtypecontext on input line 242.
Package microtype Info: Applying patch `item' on input line 242.
Package microtype Info: Applying patch `toc' on input line 242.
Package microtype Info: Applying patch `eqnum' on input line 242.
Package microtype Info: Applying patch `footnote' on input line 242.
Package microtype Info: Applying patch `verbatim' on input line 242.
LaTeX Info: Redefining \microtypesetup on input line 242.
Package microtype Info: Character protrusion enabled (level 2).
Package microtype Info: Using protrusion set `basicmath'.
Package microtype Info: No adjustment of tracking.
Package microtype Info: No adjustment of spacing.
Package microtype Info: No adjustment of kerning.
(/home/max/.TinyTeX/texmf-dist/tex/latex/microtype/mt-LatinModernRoman.cfg
File: mt-LatinModernRoman.cfg 2026/02/26 v1.2 microtype config. file: Latin Modern Roman (RS)
)
Package caption Info: Begin \AtBeginDocument code.
Package caption Info: float package is loaded.
Package caption Info: hyperref package is loaded.
Package caption Info: End \AtBeginDocument code.
Package hyperref Info: Link coloring ON on input line 242.

Package hyperref Warning: Rerun to get /PageLabels entry.

Package babel Info: Main language set to 'brazilian'.
[1

]
No file apostila.toc.
\tf@toc=\write5
\openout5 = `apostila.toc'.

[1

]
Cap\'{\i }tulo 1.
[2

]
Cap\'{\i }tulo 2.
[3

]
Cap\'{\i }tulo 3.
[4

]
LaTeX Font Info:    Font shape `TU/latinmodern-math.otf(1)/m/n' will be
(Font)              scaled to size 7.0pt on input line 353.
LaTeX Font Info:    Font shape `TU/latinmodern-math.otf(1)/m/n' will be
(Font)              scaled to size 5.0pt on input line 353.
LaTeX Font Info:    Trying to load font information for OML+lmm on input line 353.
(/home/max/.TinyTeX/texmf-dist/tex/latex/lm/omllmm.fd
File: omllmm.fd 2015/05/01 v1.6.1 Font defs for Latin Modern
)
LaTeX Font Info:    Font shape `TU/latinmodern-math.otf(2)/m/n' will be
(Font)              scaled to size 10.00092pt on input line 353.
LaTeX Font Info:    Font shape `TU/latinmodern-math.otf(2)/m/n' will be
(Font)              scaled to size 7.00064pt on input line 353.
LaTeX Font Info:    Font shape `TU/latinmodern-math.otf(2)/m/n' will be
(Font)              scaled to size 5.00046pt on input line 353.
LaTeX Font Info:    Font shape `TU/latinmodern-math.otf(3)/m/n' will be
(Font)              scaled to size 9.99893pt on input line 353.
LaTeX Font Info:    Font shape `TU/latinmodern-math.otf(3)/m/n' will be
(Font)              scaled to size 6.99925pt on input line 353.
LaTeX Font Info:    Font shape `TU/latinmodern-math.otf(3)/m/n' will be
(Font)              scaled to size 4.99947pt on input line 353.
LaTeX Font Info:    Trying to load font information for U+msa on input line 353.
(/home/max/.TinyTeX/texmf-dist/tex/latex/amsfonts/umsa.fd
File: umsa.fd 2013/01/14 v3.01 AMS symbols A
) (/home/max/.TinyTeX/texmf-dist/tex/latex/microtype/mt-msa.cfg
File: mt-msa.cfg 2006/02/04 v1.1 microtype config. file: AMS symbols (a) (RS)
)
LaTeX Font Info:    Trying to load font information for U+msb on input line 353.
(/home/max/.TinyTeX/texmf-dist/tex/latex/amsfonts/umsb.fd
File: umsb.fd 2013/01/14 v3.01 AMS symbols B
) (/home/max/.TinyTeX/texmf-dist/tex/latex/microtype/mt-msb.cfg
File: mt-msb.cfg 2005/06/01 v1.0 microtype config. file: AMS symbols (b) (RS)
) [5] [6] [7] [8] [9] [10]
Missing character: There is no μ (U+03BC) in font [lmroman10-regular]:mapping=tex-text;!
[11] [12] [13]
Cap\'{\i }tulo 4.
[14

]
Cap\'{\i }tulo 5.
[15

]
Cap\'{\i }tulo 6.
File: apostila_files/mediabag/experimento-da-cavid.png Graphic file (type bmp)
<apostila_files/mediabag/experimento-da-cavid.png>
[16

]
File: apostila_files/mediabag/espectro-do-sol-e-te.png Graphic file (type bmp)
<apostila_files/mediabag/espectro-do-sol-e-te.png>
File: apostila_files/mediabag/quantizacao-na-cavid.png Graphic file (type bmp)
<apostila_files/mediabag/quantizacao-na-cavid.png>
[17] [18]
Cap\'{\i }tulo 7.
[19

]
Cap\'{\i }tulo 8.
File: apostila_files/mediabag/efeito-fotoeletrico.png Graphic file (type bmp)
<apostila_files/mediabag/efeito-fotoeletrico.png>
[20

] [21]
Cap\'{\i }tulo 9.
[22

]
Cap\'{\i }tulo 10.
File: apostila_files/mediabag/modelo-de-bohr-salto.png Graphic file (type bmp)
<apostila_files/mediabag/modelo-de-bohr-salto.png>
[23

] [24]
Cap\'{\i }tulo 11.
[25

]
Cap\'{\i }tulo 12.
[26

]
Cap\'{\i }tulo 13.
File: apostila_files/mediabag/ondas-de-materia-de-.png Graphic file (type bmp)
<apostila_files/mediabag/ondas-de-materia-de-.png>
[27

] [28]
Cap\'{\i }tulo 14.
[29

] [30]
Cap\'{\i }tulo 15.
[31

]
Cap\'{\i }tulo 16.
[32

]
Cap\'{\i }tulo 17.
Missing character: There is no 📚 (U+1F4DA) in font [lmroman12-bold]:mapping=tex-text;!
Missing character: There is no 🎯 (U+1F3AF) in font [lmroman12-bold]:mapping=tex-text;!
Missing character: There is no 💡 (U+1F4A1) in font [lmroman12-bold]:mapping=tex-text;!
Missing character: There is no ✅ (U+2705) in font [lmroman10-regular]:mapping=tex-text;!
Missing character: There is no ✅ (U+2705) in font [lmroman10-regular]:mapping=tex-text;!
Missing character: There is no 😊 (U+1F60A) in font [lmroman10-regular]:mapping=tex-text;!
Missing character: There is no ✅ (U+2705) in font [lmroman10-regular]:mapping=tex-text;!
(/home/max/.TinyTeX/texmf-dist/tex/latex/microtype/mt-TU-empty.cfg
File: mt-TU-empty.cfg 2021/06/22 v1.1 microtype config. file: fonts with nonstandard glyph set (RS)
)
Missing character: There is no 🔒 (U+1F512) in font [lmroman10-regular]:mapping=tex-text;!

Overfull \hbox (88.79163pt too wide) detected at line 1419
[]\TU/lmtt/m/n/10 from[][] qiskit.visualization [][]import[][] plot_bloch_multivector, plot_state_qsphere  [][]# Visualizações quânticas[] 
 []

[33

]
Missing character: There is no 🔬 (U+1F52C) in font [lmroman12-bold]:mapping=tex-text;!
Missing character: There is no ⟩ (U+27E9) in font [lmroman10-bold]:mapping=tex-text;!
Missing character: There is no ⟩ (U+27E9) in font [lmroman10-bold]:mapping=tex-text;!
Missing character: There is no ⟩ (U+27E9) in font [lmroman10-bold]:mapping=tex-text;!
Missing character: There is no ⟩ (U+27E9) in font [lmroman10-bold]:mapping=tex-text;!
Missing character: There is no 📌 (U+1F4CC) in font [lmroman12-bold]:mapping=tex-text;!
Missing character: There is no ⟩ (U+27E9) in font [lmroman10-regular]:mapping=tex-text;!
Missing character: There is no ⟩ (U+27E9) in font [lmroman10-regular]:mapping=tex-text;!
Missing character: There is no ⟩ (U+27E9) in font [lmroman10-regular]:mapping=tex-text;!
Missing character: There is no ➡ (U+27A1) in font [lmroman10-regular]:mapping=tex-text;!
Missing character: There is no ️ (U+FE0F) in font [lmroman10-regular]:mapping=tex-text;!
Missing character: There is no ➡ (U+27A1) in font [lmroman10-regular]:mapping=tex-text;!
Missing character: There is no ️ (U+FE0F) in font [lmroman10-regular]:mapping=tex-text;!
Missing character: There is no ➡ (U+27A1) in font [lmroman10-regular]:mapping=tex-text;!
Missing character: There is no ️ (U+FE0F) in font [lmroman10-regular]:mapping=tex-text;!
Missing character: There is no ⟩ (U+27E9) in font [lmroman10-regular]:mapping=tex-text;!
Missing character: There is no ⟩ (U+27E9) in font [lmroman10-regular]:mapping=tex-text;!
Missing character: There is no ⟩ (U+27E9) in font [lmroman10-regular]:mapping=tex-text;!
Missing character: There is no ➡ (U+27A1) in font [lmroman10-regular]:mapping=tex-text;!
Missing character: There is no ️ (U+FE0F) in font [lmroman10-regular]:mapping=tex-text;!
Missing character: There is no ➡ (U+27A1) in font [lmroman10-regular]:mapping=tex-text;!
Missing character: There is no ️ (U+FE0F) in font [lmroman10-regular]:mapping=tex-text;!
Missing character: There is no ➡ (U+27A1) in font [lmroman10-regular]:mapping=tex-text;!
Missing character: There is no ️ (U+FE0F) in font [lmroman10-regular]:mapping=tex-text;!
Missing character: There is no ⟩ (U+27E9) in font [lmroman10-regular]:mapping=tex-text;!
Missing character: There is no ⟩ (U+27E9) in font [lmroman10-regular]:mapping=tex-text;!
Missing character: There is no ⟩ (U+27E9) in font [lmmono10-regular]:!
Missing character: There is no ⟩ (U+27E9) in font [lmmono10-regular]:!
Missing character: There is no ✅ (U+2705) in font [lmmono10-regular]:!
[34]
Missing character: There is no ✅ (U+2705) in font [lmmono10-regular]:!
Missing character: There is no ✅ (U+2705) in font [lmmono10-regular]:!

Overfull \hbox (21.46877pt too wide) detected at line 1523
[]\TU/lmtt/m/n/10 # Agora vamos criar os MESMOS estados usando NumPy (só para fins de comparação de bibliotecas)[] 
 []

Missing character: There is no ⟩ (U+27E9) in font [lmmono10-regular]:!
Missing character: There is no ⟩ (U+27E9) in font [lmmono10-regular]:!
Missing character: There is no ⟩ (U+27E9) in font [lmmono10-regular]:!
Missing character: There is no ⟩ (U+27E9) in font [lmmono10-regular]:!
Missing character: There is no 💡 (U+1F4A1) in font [lmmono10-regular]:!
Missing character: There is no ⟩ (U+27E9) in font [lmmono10-regular]:!
Missing character: There is no ⟩ (U+27E9) in font [lmmono10-regular]:!
Missing character: There is no 💡 (U+1F4A1) in font [lmmono10-regular]:!
Missing character: There is no 💡 (U+1F4A1) in font [lmmono10-regular]:!
Missing character: There is no 🌟 (U+1F31F) in font [lmroman12-bold]:mapping=tex-text;!
Missing character: There is no ⟩ (U+27E9) in font [lmroman10-regular]:mapping=tex-text;!
Missing character: There is no ⟩ (U+27E9) in font [lmroman10-regular]:mapping=tex-text;!
Missing character: There is no ψ (U+03C8) in font [lmroman10-bold]:mapping=tex-text;!
Missing character: There is no ⟩ (U+27E9) in font [lmroman10-bold]:mapping=tex-text;!
Missing character: There is no 𝛼 (U+1D6FC) in font [lmroman10-bold]:mapping=tex-text;!
Missing character: There is no 𝛽 (U+1D6FD) in font [lmroman10-bold]:mapping=tex-text;!
Missing character: There is no 🎲 (U+1F3B2) in font [lmroman12-bold]:mapping=tex-text;!
[35]
Missing character: There is no 📊 (U+1F4CA) in font [lmroman12-bold]:mapping=tex-text;!
Missing character: There is no ⟩ (U+27E9) in font [lmroman10-regular]:mapping=tex-text;!
Missing character: There is no ⟩ (U+27E9) in font [lmroman10-regular]:mapping=tex-text;!
Missing character: There is no ⟩ (U+27E9) in font [lmroman10-regular]:mapping=tex-text;!
Missing character: There is no ⟩ (U+27E9) in font [lmroman10-regular]:mapping=tex-text;!
Missing character: There is no 𝛼 (U+1D6FC) in font [lmmono10-regular]:!
Missing character: There is no 𝛽 (U+1D6FD) in font [lmmono10-regular]:!
Missing character: There is no 𝛼 (U+1D6FC) in font [lmmono10-regular]:!
Missing character: There is no 𝛽 (U+1D6FD) in font [lmmono10-regular]:!

Overfull \hbox (6.06877pt too wide) detected at line 1629
[]\TU/lmtt/m/n/10 alpha, beta = symbols([]alpha beta[], complex=True)   # Definindo 𝛼 e 𝛽 como números complexos[] 
 []

Missing character: There is no 💡 (U+1F4A1) in font [lmmono10-regular]:!
Missing character: There is no α (U+03B1) in font [lmmono10-regular]:!
Missing character: There is no β (U+03B2) in font [lmmono10-regular]:!
Missing character: There is no 💡 (U+1F4A1) in font [lmmono10-regular]:!
Missing character: There is no 💡 (U+1F4A1) in font [lmmono10-regular]:!
Missing character: There is no α (U+03B1) in font [lmmono10-regular]:!
Missing character: There is no β (U+03B2) in font [lmmono10-regular]:!
Missing character: There is no 🌀 (U+1F300) in font [lmroman12-bold]:mapping=tex-text;!
[36]
Missing character: There is no 🤔 (U+1F914) in font [lmroman10-regular]:mapping=tex-text;!
Missing character: There is no 🪙 (U+1FA99) in font [lmroman10-regular]:mapping=tex-text;!
Missing character: There is no 👀 (U+1F440) in font [lmroman10-regular]:mapping=tex-text;!
Missing character: There is no 📹 (U+1F4F9) in font [lmroman10-regular]:mapping=tex-text;!
Missing character: There is no ⚛ (U+269B) in font [lmroman10-regular]:mapping=tex-text;!
Missing character: There is no ️ (U+FE0F) in font [lmroman10-regular]:mapping=tex-text;!
Missing character: There is no 🪙 (U+1FA99) in font [lmroman10-regular]:mapping=tex-text;!
Missing character: There is no ✨ (U+2728) in font [lmroman10-regular]:mapping=tex-text;!
Missing character: There is no 🎭 (U+1F3AD) in font [lmroman10-regular]:mapping=tex-text;!
Missing character: There is no ⚡ (U+26A1) in font [lmroman10-regular]:mapping=tex-text;!
Missing character: There is no ⚡ (U+26A1) in font [lmroman10-regular]:mapping=tex-text;!
Missing character: There is no 💡 (U+1F4A1) in font [lmroman10-regular]:mapping=tex-text;!
Missing character: There is no 📊 (U+1F4CA) in font [lmroman10-regular]:mapping=tex-text;!
Missing character: There is no 📊 (U+1F4CA) in font [lmroman10-regular]:mapping=tex-text;!
Missing character: There is no 🎲 (U+1F3B2) in font [lmroman10-regular]:mapping=tex-text;!
Missing character: There is no 📈 (U+1F4C8) in font [lmroman10-regular]:mapping=tex-text;!
Missing character: There is no 📈 (U+1F4C8) in font [lmroman10-regular]:mapping=tex-text;!
Missing character: There is no 💻 (U+1F4BB) in font [lmroman10-regular]:mapping=tex-text;!
Missing character: There is no 🖥 (U+1F5A5) in font [lmroman10-regular]:mapping=tex-text;!
Missing character: There is no ️ (U+FE0F) in font [lmroman10-regular]:mapping=tex-text;!
Missing character: There is no ⚛ (U+269B) in font [lmroman10-regular]:mapping=tex-text;!
Missing character: There is no ️ (U+FE0F) in font [lmroman10-regular]:mapping=tex-text;!
Missing character: There is no 💾 (U+1F4BE) in font [lmroman10-regular]:mapping=tex-text;!
Missing character: There is no 💾 (U+1F4BE) in font [lmroman10-regular]:mapping=tex-text;!
[37]
Missing character: There is no ✨ (U+2728) in font [lmroman10-bold]:mapping=tex-text;!
Missing character: There is no ⚙ (U+2699) in font [lmroman12-bold]:mapping=tex-text;!
Missing character: There is no ️ (U+FE0F) in font [lmroman12-bold]:mapping=tex-text;!
Missing character: There is no 🔄 (U+1F504) in font [lmroman12-bold]:mapping=tex-text;!
Missing character: There is no ⟩ (U+27E9) in font [lmroman10-regular]:mapping=tex-text;!
Missing character: There is no ↔ (U+2194) in font [lmroman10-regular]:mapping=tex-text;!
Missing character: There is no ⟩ (U+27E9) in font [lmroman10-regular]:mapping=tex-text;!
Missing character: There is no ⚠ (U+26A0) in font [lmroman10-regular]:mapping=tex-text;!
Missing character: There is no ️ (U+FE0F) in font [lmroman10-regular]:mapping=tex-text;!
Missing character: There is no ⚠ (U+26A0) in font [lmroman10-regular]:mapping=tex-text;!
Missing character: There is no ️ (U+FE0F) in font [lmroman10-regular]:mapping=tex-text;!
Missing character: There is no ⚠ (U+26A0) in font [lmroman10-regular]:mapping=tex-text;!
Missing character: There is no ️ (U+FE0F) in font [lmroman10-regular]:mapping=tex-text;!
Missing character: There is no ⟩ (U+27E9) in font [lmroman10-regular]:mapping=tex-text;!
Missing character: There is no ⟩ (U+27E9) in font [lmroman10-regular]:mapping=tex-text;!
Missing character: There is no 🚪 (U+1F6AA) in font [lmroman12-bold]:mapping=tex-text;!
Missing character: There is no ⟩ (U+27E9) in font [lmroman10-regular]:mapping=tex-text;!
Missing character: There is no ⟩ (U+27E9) in font [lmroman10-regular]:mapping=tex-text;!
Missing character: There is no ⟩ (U+27E9) in font [lmroman10-regular]:mapping=tex-text;!
Missing character: There is no ⟩ (U+27E9) in font [lmroman10-regular]:mapping=tex-text;!
Missing character: There is no ψ (U+03C8) in font [lmroman10-regular]:mapping=tex-text;!
Missing character: There is no ⟩ (U+27E9) in font [lmroman10-regular]:mapping=tex-text;!
Missing character: There is no ψ (U+03C8) in font [lmroman10-regular]:mapping=tex-text;!
Missing character: There is no ⟩ (U+27E9) in font [lmroman10-regular]:mapping=tex-text;!
Missing character: There is no ⟩ (U+27E9) in font [lmroman10-regular]:mapping=tex-text;!
[38]
Missing character: There is no ⟩ (U+27E9) in font [lmroman10-regular]:mapping=tex-text;!
Missing character: There is no 🔄 (U+1F504) in font [lmmono10-regular]:!
Missing character: There is no ⟩ (U+27E9) in font [lmmono10-regular]:!
Missing character: There is no ⟩ (U+27E9) in font [lmmono10-regular]:!

Overfull \hbox (45.26877pt too wide) detected at line 1870
[]\TU/lmtt/m/n/10 result_0 = X * ket_0        # ket_0 é o estado |0⟩ com o vetor definido no código lá atrás, lembra?[] 
 []

Missing character: There is no ⟩ (U+27E9) in font [lmmono10-regular]:!
Missing character: There is no ⟩ (U+27E9) in font [lmmono10-regular]:!
Missing character: There is no ✅ (U+2705) in font [lmmono10-regular]:!
Missing character: There is no ⟩ (U+27E9) in font [lmmono10-regular]:!
Missing character: There is no ⟩ (U+27E9) in font [lmmono10-regular]:!
Missing character: There is no ⟩ (U+27E9) in font [lmmono10-regular]:!
Missing character: There is no ✅ (U+2705) in font [lmmono10-regular]:!
Missing character: There is no 💡 (U+1F4A1) in font [lmmono10-regular]:!
Missing character: There is no 🔄 (U+1F504) in font [lmmono10-regular]:!
Missing character: There is no ⟩ (U+27E9) in font [lmmono10-regular]:!
Missing character: There is no ⟩ (U+27E9) in font [lmmono10-regular]:!
Missing character: There is no ⟩ (U+27E9) in font [lmmono10-regular]:!
Missing character: There is no ⟩ (U+27E9) in font [lmmono10-regular]:!
Missing character: There is no 💡 (U+1F4A1) in font [lmmono10-regular]:!
Missing character: There is no 💡 (U+1F4A1) in font [lmmono10-regular]:!
Missing character: There is no ✅ (U+2705) in font [lmmono10-regular]:!
[39]
Missing character: There is no ✅ (U+2705) in font [lmmono10-regular]:!
Missing character: There is no ✅ (U+2705) in font [lmmono10-regular]:!
Missing character: There is no ⟩ (U+27E9) in font [lmmono10-regular]:!
Missing character: There is no ⟩ (U+27E9) in font [lmmono10-regular]:!
Missing character: There is no ⟩ (U+27E9) in font [lmmono10-regular]:!
Missing character: There is no ✅ (U+2705) in font [lmmono10-regular]:!
Missing character: There is no ⟩ (U+27E9) in font [lmmono10-regular]:!
Missing character: There is no 💡 (U+1F4A1) in font [lmmono10-regular]:!
Missing character: There is no ⟩ (U+27E9) in font [lmmono10-regular]:!
Missing character: There is no ⟩ (U+27E9) in font [lmmono10-regular]:!
Missing character: There is no ✅ (U+2705) in font [lmmono10-regular]:!
Missing character: There is no ✅ (U+2705) in font [lmmono10-regular]:!
Missing character: There is no ⟩ (U+27E9) in font [lmmono10-regular]:!
Missing character: There is no 💡 (U+1F4A1) in font [lmmono10-regular]:!
Missing character: There is no 💡 (U+1F4A1) in font [lmmono10-regular]:!
Missing character: There is no ⟩ (U+27E9) in font [lmroman10-regular]:mapping=tex-text;!
[40]
Missing character: There is no ⟩ (U+27E9) in font [lmroman10-regular]:mapping=tex-text;!
Missing character: There is no ⟩ (U+27E9) in font [lmroman10-regular]:mapping=tex-text;!
Missing character: There is no ⟩ (U+27E9) in font [lmmono10-regular]:!
Missing character: There is no ⟩ (U+27E9) in font [lmmono10-regular]:!
Missing character: There is no ⟩ (U+27E9) in font [lmmono10-regular]:!
Missing character: There is no ⟩ (U+27E9) in font [lmmono10-regular]:!

Overfull \hbox (68.71877pt too wide) detected at line 2017
[]\TU/lmtt/m/n/10 display(Markdown(f"$$H \\ket{{0}} = {sp.latex(H)} \\cdot {sp.latex(ket_0)} = {sp.latex(result_h0)}$$"))[] 
 []


Overfull \hbox (194.71877pt too wide) detected at line 2020
[]\TU/lmtt/m/n/10 display(Markdown(f"$${sp.latex(result_h0)} = \\frac{{1}}{{\\sqrt{{2}}}} \\ket{{0}} + \\frac{{1}}{{\\sqrt{{2}}}} \\ket{{1}}$$"))[] 
 []

Missing character: There is no ⟩ (U+27E9) in font [lmmono10-regular]:!

Overfull \hbox (68.71877pt too wide) detected at line 2023
[]\TU/lmtt/m/n/10 display(Markdown(f"$$H \\ket{{1}} = {sp.latex(H)} \\cdot {sp.latex(ket_1)} = {sp.latex(result_h1)}$$"))[] 
 []


Overfull \hbox (194.71877pt too wide) detected at line 2026
[]\TU/lmtt/m/n/10 display(Markdown(f"$${sp.latex(result_h1)} = \\frac{{1}}{{\\sqrt{{2}}}} \\ket{{0}} - \\frac{{1}}{{\\sqrt{{2}}}} \\ket{{1}}$$"))[] 
 []

[41]
Missing character: There is no ⟩ (U+27E9) in font [lmmono10-regular]:!
Missing character: There is no ⟩ (U+27E9) in font [lmmono10-regular]:!
Missing character: There is no ⟩ (U+27E9) in font [lmmono10-regular]:!

Overfull \hbox (5.71877pt too wide) detected at line 2054
[]\TU/lmtt/m/n/10 # Outra maneira de definir a porta H usando NumPy (faz a mesma coisa que o código anterior)[] 
 []

Missing character: There is no ψ (U+03C8) in font [lmroman10-regular]:mapping=tex-text;!
Missing character: There is no ⟩ (U+27E9) in font [lmroman10-regular]:mapping=tex-text;!
Missing character: There is no φ (U+03C6) in font [lmroman10-regular]:mapping=tex-text;!
Missing character: There is no ⟩ (U+27E9) in font [lmroman10-regular]:mapping=tex-text;!
Missing character: There is no ⟨ (U+27E8) in font [lmroman10-regular]:mapping=tex-text;!
Missing character: There is no ψ (U+03C8) in font [lmroman10-regular]:mapping=tex-text;!
Missing character: There is no φ (U+03C6) in font [lmroman10-regular]:mapping=tex-text;!
Missing character: There is no ⟩ (U+27E9) in font [lmroman10-regular]:mapping=tex-text;!
[42]
Missing character: There is no ⟨ (U+27E8) in font [lmmono10-regular]:!
Missing character: There is no ⟩ (U+27E9) in font [lmmono10-regular]:!
Missing character: There is no ⟨ (U+27E8) in font [lmmono10-regular]:!
Missing character: There is no ⟩ (U+27E9) in font [lmmono10-regular]:!
Missing character: There is no ⟨ (U+27E8) in font [lmmono10-regular]:!
Missing character: There is no ⟩ (U+27E9) in font [lmmono10-regular]:!
Missing character: There is no ⟨ (U+27E8) in font [lmmono10-regular]:!
Missing character: There is no ⟩ (U+27E9) in font [lmmono10-regular]:!

Overfull \hbox (79.21877pt too wide) detected at line 2140
[]\TU/lmtt/m/n/10 display(Markdown(f"$$\\langle 0 | 0 \\rangle = {sp.latex(bra_0)} * {sp.latex(ket_0)} = {phi_00[0,0]}$$"))[] 
 []


Overfull \hbox (79.21877pt too wide) detected at line 2141
[]\TU/lmtt/m/n/10 display(Markdown(f"$$\\langle 0 | 1 \\rangle = {sp.latex(bra_0)} * {sp.latex(ket_1)} = {phi_01[0,0]}$$"))[] 
 []


Overfull \hbox (79.21877pt too wide) detected at line 2142
[]\TU/lmtt/m/n/10 display(Markdown(f"$$\\langle 1 | 0 \\rangle = {sp.latex(bra_1)} * {sp.latex(ket_0)} = {phi_10[0,0]}$$"))[] 
 []


Overfull \hbox (79.21877pt too wide) detected at line 2143
[]\TU/lmtt/m/n/10 display(Markdown(f"$$\\langle 1 | 1 \\rangle = {sp.latex(bra_1)} * {sp.latex(ket_1)} = {phi_11[0,0]}$$"))[] 
 []

Missing character: There is no ψ (U+03C8) in font [lmroman10-regular]:mapping=tex-text;!
Missing character: There is no ⟩ (U+27E9) in font [lmroman10-regular]:mapping=tex-text;!
Missing character: There is no φ (U+03C6) in font [lmroman10-regular]:mapping=tex-text;!
Missing character: There is no ⟩ (U+27E9) in font [lmroman10-regular]:mapping=tex-text;!
Missing character: There is no ψ (U+03C8) in font [lmroman10-regular]:mapping=tex-text;!
Missing character: There is no ⟩ (U+27E9) in font [lmroman10-regular]:mapping=tex-text;!
Missing character: There is no ⊗ (U+2297) in font [lmroman10-regular]:mapping=tex-text;!
Missing character: There is no φ (U+03C6) in font [lmroman10-regular]:mapping=tex-text;!
Missing character: There is no ⟩ (U+27E9) in font [lmroman10-regular]:mapping=tex-text;!
Missing character: There is no ⟩ (U+27E9) in font [lmmono10-regular]:!
Missing character: There is no ⊗ (U+2297) in font [lmmono10-regular]:!
Missing character: There is no ⟩ (U+27E9) in font [lmmono10-regular]:!

Overfull \hbox (719.71877pt too wide) detected at line 2167
[]        \TU/lmtt/m/n/10 f"$$\\ket{{0}} \\otimes \\ket{{0}} = {sp.latex(ket_0)} \\otimes {sp.latex(ket_0)} = \\begin{{bmatrix}} 1 \\cdot {sp.latex(ket_0)} \\\\ 0 \\cdot {sp.latex(ket_0)} \\end{{bmatrix}} = {sp.latex(tensor_00)} = \\ket{{00}}$$"[] 
 []

Missing character: There is no ⟩ (U+27E9) in font [lmmono10-regular]:!
Missing character: There is no ⊗ (U+2297) in font [lmmono10-regular]:!
Missing character: There is no ⟩ (U+27E9) in font [lmmono10-regular]:!

Overfull \hbox (719.71877pt too wide) detected at line 2175
[]        \TU/lmtt/m/n/10 f"$$\\ket{{0}} \\otimes \\ket{{1}} = {sp.latex(ket_0)} \\otimes {sp.latex(ket_1)} = \\begin{{bmatrix}} 1 \\cdot {sp.latex(ket_1)} \\\\ 0 \\cdot {sp.latex(ket_1)} \\end{{bmatrix}} = {sp.latex(tensor_01)} = \\ket{{01}}$$"[] 
 []

Missing character: There is no ⟩ (U+27E9) in font [lmmono10-regular]:!
Missing character: There is no ⊗ (U+2297) in font [lmmono10-regular]:!
Missing character: There is no ⟩ (U+27E9) in font [lmmono10-regular]:!

Overfull \hbox (719.71877pt too wide) detected at line 2183
[]        \TU/lmtt/m/n/10 f"$$\\ket{{1}} \\otimes \\ket{{0}} = {sp.latex(ket_1)} \\otimes {sp.latex(ket_0)} = \\begin{{bmatrix}} 0 \\cdot {sp.latex(ket_0)} \\\\ 1 \\cdot {sp.latex(ket_0)} \\end{{bmatrix}} = {sp.latex(tensor_10)} = \\ket{{10}}$$"[] 
 []

Missing character: There is no ⟩ (U+27E9) in font [lmmono10-regular]:!
Missing character: There is no ⊗ (U+2297) in font [lmmono10-regular]:!
Missing character: There is no ⟩ (U+27E9) in font [lmmono10-regular]:!

Overfull \hbox (719.71877pt too wide) detected at line 2191
[]        \TU/lmtt/m/n/10 f"$$\\ket{{1}} \\otimes \\ket{{1}} = {sp.latex(ket_1)} \\otimes {sp.latex(ket_1)} = \\begin{{bmatrix}} 0 \\cdot {sp.latex(ket_1)} \\\\ 1 \\cdot {sp.latex(ket_1)} \\end{{bmatrix}} = {sp.latex(tensor_11)} = \\ket{{11}}$$"[] 
 []

[43]
Missing character: There is no ⟩ (U+27E9) in font [lmroman10-regular]:mapping=tex-text;!
Missing character: There is no ⟩ (U+27E9) in font [lmroman10-regular]:mapping=tex-text;!
Missing character: There is no ⟩ (U+27E9) in font [lmroman10-regular]:mapping=tex-text;!
Missing character: There is no ⟩ (U+27E9) in font [lmroman10-regular]:mapping=tex-text;!
Missing character: There is no 𝛼 (U+1D6FC) in font [lmroman10-regular]:mapping=tex-text;!
Missing character: There is no 𝛽 (U+1D6FD) in font [lmroman10-regular]:mapping=tex-text;!
Missing character: There is no γ (U+03B3) in font [lmroman10-regular]:mapping=tex-text;!
Missing character: There is no δ (U+03B4) in font [lmroman10-regular]:mapping=tex-text;!
[44]
Missing character: There is no ⟩ (U+27E9) in font [lmroman10-regular]:mapping=tex-text;!
Missing character: There is no ⟩ (U+27E9) in font [lmroman10-regular]:mapping=tex-text;!
Missing character: There is no ⟩ (U+27E9) in font [lmroman10-regular]:mapping=tex-text;!
Missing character: There is no ⟩ (U+27E9) in font [lmroman10-regular]:mapping=tex-text;!
Missing character: There is no ⟩ (U+27E9) in font [lmroman10-regular]:mapping=tex-text;!
[45]
Missing character: There is no ⟩ (U+27E9) in font [lmroman10-regular]:mapping=tex-text;!
Missing character: There is no ⟩ (U+27E9) in font [lmroman10-regular]:mapping=tex-text;!
Missing character: There is no ⟩ (U+27E9) in font [lmroman10-regular]:mapping=tex-text;!
Missing character: There is no ⟩ (U+27E9) in font [lmroman10-regular]:mapping=tex-text;!
Missing character: There is no ⟩ (U+27E9) in font [lmroman10-regular]:mapping=tex-text;!
Missing character: There is no ⟩ (U+27E9) in font [lmroman10-regular]:mapping=tex-text;!
! Missing $ inserted.
<inserted text> 
                $
l.2347 \begin{bmatrix}
                      
I've inserted a begin-math/end-math symbol since I think
you left one out. Proceed, with fingers crossed.

 
Here is how much of TeX's memory you used:
 38731 strings out of 469695
 773412 string characters out of 5466195
 1398901 words of memory out of 5000000
 67206 multiletter control sequences out of 15000+600000
 631314 words of font info for 79 fonts, out of 8000000 for 9000
 38 hyphenation exceptions out of 8191
 106i,12n,114p,1005b,929s stack positions out of 10000i,1000n,20000p,200000b,200000s
Output written on apostila.pdf (46 pages).
